Component: ARM Compiler 5.06 update 5 (build 528) Tool: armlink [4d35e2]

==============================================================================

Section Cross References

    lcd_log.o(i.LCD_LOG_ClearTextZone) refers to stm32746g_discovery_lcd.o(i.BSP_LCD_ClearStringLine) for BSP_LCD_ClearStringLine
    lcd_log.o(i.LCD_LOG_ClearTextZone) refers to lcd_log.o(i.LCD_LOG_DeInit) for LCD_LOG_DeInit
    lcd_log.o(i.LCD_LOG_DeInit) refers to lcd_log.o(.data) for .data
    lcd_log.o(i.LCD_LOG_Init) refers to lcd_log.o(i.LCD_LOG_DeInit) for LCD_LOG_DeInit
    lcd_log.o(i.LCD_LOG_Init) refers to stm32746g_discovery_lcd.o(i.BSP_LCD_Clear) for BSP_LCD_Clear
    lcd_log.o(i.LCD_LOG_ScrollBack) refers to lcd_log.o(i.LCD_LOG_UpdateDisplay) for LCD_LOG_UpdateDisplay
    lcd_log.o(i.LCD_LOG_ScrollBack) refers to lcd_log.o(.data) for .data
    lcd_log.o(i.LCD_LOG_ScrollForward) refers to lcd_log.o(i.LCD_LOG_UpdateDisplay) for LCD_LOG_UpdateDisplay
    lcd_log.o(i.LCD_LOG_ScrollForward) refers to lcd_log.o(.data) for .data
    lcd_log.o(i.LCD_LOG_SetFooter) refers to stm32746g_discovery_lcd.o(i.BSP_LCD_SetFont) for BSP_LCD_SetFont
    lcd_log.o(i.LCD_LOG_SetFooter) refers to stm32746g_discovery_lcd.o(i.BSP_LCD_SetTextColor) for BSP_LCD_SetTextColor
    lcd_log.o(i.LCD_LOG_SetFooter) refers to stm32746g_discovery_lcd.o(i.BSP_LCD_GetXSize) for BSP_LCD_GetXSize
    lcd_log.o(i.LCD_LOG_SetFooter) refers to stm32746g_discovery_lcd.o(i.BSP_LCD_GetYSize) for BSP_LCD_GetYSize
    lcd_log.o(i.LCD_LOG_SetFooter) refers to stm32746g_discovery_lcd.o(i.BSP_LCD_FillRect) for BSP_LCD_FillRect
    lcd_log.o(i.LCD_LOG_SetFooter) refers to stm32746g_discovery_lcd.o(i.BSP_LCD_SetBackColor) for BSP_LCD_SetBackColor
    lcd_log.o(i.LCD_LOG_SetFooter) refers to stm32746g_discovery_lcd.o(i.BSP_LCD_DisplayStringAt) for BSP_LCD_DisplayStringAt
    lcd_log.o(i.LCD_LOG_SetFooter) refers to stm32746g_discovery_lcd.o(.data) for Font12
    lcd_log.o(i.LCD_LOG_SetHeader) refers to stm32746g_discovery_lcd.o(i.BSP_LCD_SetFont) for BSP_LCD_SetFont
    lcd_log.o(i.LCD_LOG_SetHeader) refers to stm32746g_discovery_lcd.o(i.BSP_LCD_SetTextColor) for BSP_LCD_SetTextColor
    lcd_log.o(i.LCD_LOG_SetHeader) refers to stm32746g_discovery_lcd.o(i.BSP_LCD_GetXSize) for BSP_LCD_GetXSize
    lcd_log.o(i.LCD_LOG_SetHeader) refers to stm32746g_discovery_lcd.o(i.BSP_LCD_FillRect) for BSP_LCD_FillRect
    lcd_log.o(i.LCD_LOG_SetHeader) refers to stm32746g_discovery_lcd.o(i.BSP_LCD_SetBackColor) for BSP_LCD_SetBackColor
    lcd_log.o(i.LCD_LOG_SetHeader) refers to stm32746g_discovery_lcd.o(i.BSP_LCD_DisplayStringAt) for BSP_LCD_DisplayStringAt
    lcd_log.o(i.LCD_LOG_SetHeader) refers to stm32746g_discovery_lcd.o(.data) for Font16
    lcd_log.o(i.LCD_LOG_SetHeader) refers to stm32746g_discovery_lcd.o(.data) for Font12
    lcd_log.o(i.LCD_LOG_UpdateDisplay) refers to stm32746g_discovery_lcd.o(i.BSP_LCD_SetTextColor) for BSP_LCD_SetTextColor
    lcd_log.o(i.LCD_LOG_UpdateDisplay) refers to stm32746g_discovery_lcd.o(i.BSP_LCD_DisplayStringAtLine) for BSP_LCD_DisplayStringAtLine
    lcd_log.o(i.LCD_LOG_UpdateDisplay) refers to lcd_log.o(.data) for .data
    lcd_log.o(i.LCD_LOG_UpdateDisplay) refers to lcd_log.o(.bss) for .bss
    lcd_log.o(i.fputc) refers to stm32746g_discovery_lcd.o(i.BSP_LCD_GetFont) for BSP_LCD_GetFont
    lcd_log.o(i.fputc) refers to stm32746g_discovery_lcd.o(i.BSP_LCD_GetXSize) for BSP_LCD_GetXSize
    lcd_log.o(i.fputc) refers to lcd_log.o(i.LCD_LOG_UpdateDisplay) for LCD_LOG_UpdateDisplay
    lcd_log.o(i.fputc) refers to lcd_log.o(.data) for .data
    lcd_log.o(i.fputc) refers to lcd_log.o(.bss) for .bss
    err.o(i.err_to_errno) refers to err.o(.constdata) for .constdata
    netbuf.o(i.netbuf_alloc) refers to pbuf.o(i.pbuf_free) for pbuf_free
    netbuf.o(i.netbuf_alloc) refers to pbuf.o(i.pbuf_alloc) for pbuf_alloc
    netbuf.o(i.netbuf_chain) refers to pbuf.o(i.pbuf_cat) for pbuf_cat
    netbuf.o(i.netbuf_chain) refers to memp.o(i.memp_free) for memp_free
    netbuf.o(i.netbuf_delete) refers to pbuf.o(i.pbuf_free) for pbuf_free
    netbuf.o(i.netbuf_delete) refers to memp.o(i.memp_free) for memp_free
    netbuf.o(i.netbuf_free) refers to pbuf.o(i.pbuf_free) for pbuf_free
    netbuf.o(i.netbuf_new) refers to memp.o(i.memp_malloc) for memp_malloc
    netbuf.o(i.netbuf_ref) refers to pbuf.o(i.pbuf_free) for pbuf_free
    netbuf.o(i.netbuf_ref) refers to pbuf.o(i.pbuf_alloc) for pbuf_alloc
    api_lib.o(i.netconn_accept) refers to sys_arch.o(i.sys_mbox_valid) for sys_mbox_valid
    api_lib.o(i.netconn_accept) refers to sys_arch.o(i.sys_arch_mbox_fetch) for sys_arch_mbox_fetch
    api_lib.o(i.netconn_accept) refers to sys_arch.o(i.sys_arch_protect) for sys_arch_protect
    api_lib.o(i.netconn_accept) refers to sys_arch.o(i.sys_arch_unprotect) for sys_arch_unprotect
    api_lib.o(i.netconn_accept) refers to api_msg.o(.data) for netconn_aborted
[...]
    vTaskMissedYield                         0x0800c311   Thumb Code     8  tasks.o(i.vTaskMissedYield)
    vTaskPlaceOnEventList                    0x0800c31d   Thumb Code    48  tasks.o(i.vTaskPlaceOnEventList)
    vTaskPriorityInherit                     0x0800c351   Thumb Code   128  tasks.o(i.vTaskPriorityInherit)
    vTaskSetTimeOutState                     0x0800c3d9   Thumb Code    34  tasks.o(i.vTaskSetTimeOutState)
    vTaskStartScheduler                      0x0800c401   Thumb Code    94  tasks.o(i.vTaskStartScheduler)
    vTaskSuspendAll                          0x0800c471   Thumb Code    10  tasks.o(i.vTaskSuspendAll)
    vTaskSwitchContext                       0x0800c481   Thumb Code    86  tasks.o(i.vTaskSwitchContext)
    xPortStartScheduler                      0x0800c511   Thumb Code   152  port.o(i.xPortStartScheduler)
    xPortSysTickHandler                      0x0800c5b9   Thumb Code    42  port.o(i.xPortSysTickHandler)
    xQueueCreateCountingSemaphore            0x0800c5e9   Thumb Code    66  queue.o(i.xQueueCreateCountingSemaphore)
    xQueueCreateMutex                        0x0800c62b   Thumb Code    36  queue.o(i.xQueueCreateMutex)
    xQueueGenericCreate                      0x0800c64f   Thumb Code    86  queue.o(i.xQueueGenericCreate)
    xQueueGenericReceive                     0x0800c6a5   Thumb Code   376  queue.o(i.xQueueGenericReceive)
    xQueueGenericReset                       0x0800c821   Thumb Code   148  queue.o(i.xQueueGenericReset)
    xQueueGenericSend                        0x0800c8b9   Thumb Code   362  queue.o(i.xQueueGenericSend)
    xQueueGenericSendFromISR                 0x0800ca29   Thumb Code   204  queue.o(i.xQueueGenericSendFromISR)
    xQueueGiveFromISR                        0x0800caf5   Thumb Code   172  queue.o(i.xQueueGiveFromISR)
    xQueueReceiveFromISR                     0x0800cba1   Thumb Code   168  queue.o(i.xQueueReceiveFromISR)
    xTaskCheckForTimeOut                     0x0800cc49   Thumb Code   106  tasks.o(i.xTaskCheckForTimeOut)
    xTaskCreate                              0x0800ccb9   Thumb Code    86  tasks.o(i.xTaskCreate)
    xTaskGetSchedulerState                   0x0800cd11   Thumb Code    22  tasks.o(i.xTaskGetSchedulerState)
    xTaskGetTickCount                        0x0800cd2d   Thumb Code     6  tasks.o(i.xTaskGetTickCount)
    xTaskGetTickCountFromISR                 0x0800cd39   Thumb Code    12  tasks.o(i.xTaskGetTickCountFromISR)
    xTaskIncrementTick                       0x0800cd49   Thumb Code   196  tasks.o(i.xTaskIncrementTick)
    xTaskPriorityDisinherit                  0x0800ce15   Thumb Code   158  tasks.o(i.xTaskPriorityDisinherit)
    xTaskRemoveFromEventList                 0x0800cebd   Thumb Code   112  tasks.o(i.xTaskRemoveFromEventList)
    xTaskResumeAll                           0x0800cf35   Thumb Code   188  tasks.o(i.xTaskResumeAll)
    Font24_Table                             0x0800cffc   Data        6840  stm32746g_discovery_lcd.o(.constdata)
    Font16_Table                             0x0800eab4   Data        3040  stm32746g_discovery_lcd.o(.constdata)
    Font12_Table                             0x0800f694   Data        1140  stm32746g_discovery_lcd.o(.constdata)
    lwip_cyclic_timers                       0x0800fb10   Data          40  timeouts.o(.constdata)
    memp_UDP_PCB                             0x0800fb38   Data          12  memp.o(.constdata)
    memp_TCP_PCB                             0x0800fb44   Data          12  memp.o(.constdata)
    memp_TCP_PCB_LISTEN                      0x0800fb50   Data          12  memp.o(.constdata)
    memp_TCP_SEG                             0x0800fb5c   Data          12  memp.o(.constdata)
    memp_REASSDATA                           0x0800fb68   Data          12  memp.o(.constdata)
    memp_FRAG_PBUF                           0x0800fb74   Data          12  memp.o(.constdata)
    memp_NETBUF                              0x0800fb80   Data          12  memp.o(.constdata)
    memp_NETCONN                             0x0800fb8c   Data          12  memp.o(.constdata)
    memp_TCPIP_MSG_API                       0x0800fb98   Data          12  memp.o(.constdata)
    memp_TCPIP_MSG_INPKT                     0x0800fba4   Data          12  memp.o(.constdata)
    memp_SYS_TIMEOUT                         0x0800fbb0   Data          12  memp.o(.constdata)
    memp_PBUF                                0x0800fbbc   Data          12  memp.o(.constdata)
    memp_PBUF_POOL                           0x0800fbc8   Data          12  memp.o(.constdata)
    memp_pools                               0x0800fbd4   Data          52  memp.o(.constdata)
    tcp_pcb_lists                            0x0800fc4c   Data          16  tcp.o(.constdata)
    file__STM32F7xx_files_logo_jpg           0x080188c4   Data          20  fs.o(.constdata)
    file__STM32F7xx_files_ST_gif             0x080188d8   Data          20  fs.o(.constdata)
    file__STM32F7xx_files_stm32_jpg          0x080188ec   Data          20  fs.o(.constdata)
    file__404_html                           0x08018900   Data          20  fs.o(.constdata)
    file__STM32F7xx_html                     0x08018914   Data          20  fs.o(.constdata)
    os_mutex_def_lwip_sys_mutex              0x08018928   Data           4  sys_arch.o(.constdata)
    ethbroadcast                             0x08018934   Data           6  ethernet.o(.constdata)
    ethzero                                  0x0801893a   Data           6  ethernet.o(.constdata)
    AHBPrescTable                            0x08018940   Data          16  system_stm32f7xx.o(.constdata)
    APBPrescTable                            0x08018950   Data           8  system_stm32f7xx.o(.constdata)
    ip_addr_any                              0x08018958   Data           4  ip4_addr.o(.constdata)
    ip_addr_broadcast                        0x0801895c   Data           4  ip4_addr.o(.constdata)
    os_messageQ_def_x10_send_message         0x08018960   Data           8  main.o(.constdata)
    Region$$Table$$Base                      0x080190ec   Number         0  anon$$obj.o(Region$$Table)
    Region$$Table$$Limit                     0x0801910c   Number         0  anon$$obj.o(Region$$Table)
    LCD_CacheBuffer_yptr_invert              0x20000000   Data           1  lcd_log.o(.data)
    LCD_ScrollActive                         0x20000001   Data           1  lcd_log.o(.data)
    LCD_Lock                                 0x20000002   Data           1  lcd_log.o(.data)
    LCD_Scrolled                             0x20000003   Data           1  lcd_log.o(.data)
    LCD_CacheBuffer_xptr                     0x20000004   Data           2  lcd_log.o(.data)
    LCD_CacheBuffer_yptr_top                 0x20000006   Data           2  lcd_log.o(.data)
    LCD_CacheBuffer_yptr_bottom              0x20000008   Data           2  lcd_log.o(.data)
    LCD_CacheBuffer_yptr_top_bak             0x2000000a   Data           2  lcd_log.o(.data)
    LCD_CacheBuffer_yptr_bottom_bak          0x2000000c   Data           2  lcd_log.o(.data)
    LCD_ScrollBackStep                       0x2000000e   Data           2  lcd_log.o(.data)
    LCD_LineColor                            0x20000010   Data           4  lcd_log.o(.data)
    lock_tcpip_core                          0x20000020   Data           4  tcpip.o(.data)
    netconn_aborted                          0x20000024   Data           1  api_msg.o(.data)
    Font24                                   0x2000002c   Data           8  stm32746g_discovery_lcd.o(.data)
    Font16                                   0x20000034   Data           8  stm32746g_discovery_lcd.o(.data)
    Font12                                   0x2000003c   Data           8  stm32746g_discovery_lcd.o(.data)
    ft5336_ts_drv                            0x20000050   Data          40  ft5336.o(.data)
    uwTick                                   0x20000080   Data           4  stm32f7xx_hal.o(.data)
    udp_pcbs                                 0x20000094   Data           4  udp.o(.data)
    netif_list                               0x200000d0   Data           4  netif.o(.data)
    netif_default                            0x200000d4   Data           4  netif.o(.data)
    tcp_active_pcbs_changed                  0x200000d8   Data           1  tcp.o(.data)
    tcp_ticks                                0x200000e4   Data           4  tcp.o(.data)
    tcp_bound_pcbs                           0x200000e8   Data           4  tcp.o(.data)
    tcp_listen_pcbs                          0x200000ec   Data           4  tcp.o(.data)
    tcp_active_pcbs                          0x200000f0   Data           4  tcp.o(.data)
    tcp_tw_pcbs                              0x200000f4   Data           4  tcp.o(.data)
    tcp_input_pcb                            0x20000128   Data           4  tcp_in.o(.data)
    pxCurrentTCB                             0x20000150   Data           4  tasks.o(.data)
    lwip_sys_mutex                           0x2000018c   Data           4  sys_arch.o(.data)
    SystemCoreClock                          0x20000190   Data           4  system_stm32f7xx.o(.data)
    interrupt_count                          0x200001b0   Data           1  main.o(.data)
    bToogle                                  0x200001b1   Data           1  main.o(.data)
    ptr_data_x10                             0x200001b2   Data           1  main.o(.data)
    bInterrupt                               0x200001b3   Data           1  main.o(.data)
    x10_thread_Id                            0x200001b4   Data           4  main.o(.data)
    touchscreen_thread                       0x200001b8   Data           4  main.o(.data)
    x10_send_message                         0x200001bc   Data           4  main.o(.data)
    nPageHits                                0x200001c0   Data           4  httpserver-netconn.o(.data)
    s_xSemaphore                             0x200001c4   Data           4  ethernetif.o(.data)
    DHCP_state                               0x200001c8   Data           1  app_ethernet.o(.data)
    uwPrescalerValue                         0x200001cc   Data           4  x10_library.o(.data)
    __stdout                                 0x200001d4   Data           4  stdout.o(.data)
    LCD_CacheBuffer                          0x200001d8   Data       15444  lcd_log.o(.bss)
    sdramHandle                              0x20003f84   Data          52  stm32746g_discovery_sdram.o(.bss)
    hLtdcHandler                             0x20004068   Data         168  stm32746g_discovery_lcd.o(.bss)
    ip_data                                  0x20004190   Data          24  ip.o(.bss)
    memp_memory_UDP_PCB_base                 0x200041a8   Data         195  memp.o(.bss)
    memp_memory_TCP_PCB_base                 0x2000426b   Data        1483  memp.o(.bss)
    memp_memory_TCP_PCB_LISTEN_base          0x20004836   Data         143  memp.o(.bss)
    memp_memory_TCP_SEG_base                 0x200048c5   Data         131  memp.o(.bss)
    memp_memory_REASSDATA_base               0x20004948   Data         163  memp.o(.bss)
    memp_memory_FRAG_PBUF_base               0x200049eb   Data         363  memp.o(.bss)
    memp_memory_NETBUF_base                  0x20004b56   Data          35  memp.o(.bss)
    memp_memory_NETCONN_base                 0x20004b79   Data         163  memp.o(.bss)
    memp_memory_TCPIP_MSG_API_base           0x20004c1c   Data         131  memp.o(.bss)
    memp_memory_TCPIP_MSG_INPKT_base         0x20004c9f   Data         131  memp.o(.bss)
    memp_memory_SYS_TIMEOUT_base             0x20004d22   Data         163  memp.o(.bss)
    memp_memory_PBUF_base                    0x20004dc5   Data         163  memp.o(.bss)
    memp_memory_PBUF_POOL_base               0x20004e68   Data       12323  memp.o(.bss)
    ram_heap                                 0x20007e8b   Data       10259  mem.o(.bss)
    xQueueRegistry                           0x2000f6b0   Data          64  queue.o(.bss)
    dhcp_rx_options_val                      0x2000f8cc   Data          40  dhcp.o(.bss)
    dhcp_rx_options_given                    0x2000f8f4   Data          10  dhcp.o(.bss)
    gnetif                                   0x2000f92c   Data          56  main.o(.bss)
    x10_frame_array_send                     0x2000f964   Data          68  main.o(.bss)
    EthHandle                                0x2000f9a8   Data          72  ethernetif.o(.bss)
    TimHandle                                0x2000f9f0   Data          64  stm32f7xx_hal_timebase_tim.o(.bss)
    TimHandle3                               0x2000fa30   Data          64  x10_library.o(.bss)
    __initial_sp                             0x2000fed0   Data           0  startup_stm32f746xx.o(STACK)
    DMARxDscrTab                             0x20010000   Data         128  ethernetif.o(.ARM.__AT_0x20010000)
    DMATxDscrTab                             0x20010080   Data         128  ethernetif.o(.ARM.__AT_0x20010080)
    Rx_Buff                                  0x2004c000   Data        6096  ethernetif.o(.ARM.__AT_0x2004C000)
    Tx_Buff                                  0x2004d7d0   Data        6096  ethernetif.o(.ARM.__AT_0x2004D7D0)



==============================================================================

Memory Map of the image

  Image Entry point : 0x080001c9

  Load Region LR_IROM1 (Base: 0x08000000, Size: 0x000192e4, Max: 0x00100000, ABSOLUTE, COMPRESSED[0x00019164])

    Execution Region ER_IROM1 (Exec base: 0x08000000, Load base: 0x08000000, Size: 0x0001910c, Max: 0x00100000, ABSOLUTE)

    Exec Addr    Load Addr    Size         Type   Attr      Idx    E Section Name        Object

    0x08000000   0x08000000   0x000001c8   Data   RO         7902    RESET               startup_stm32f746xx.o
    0x080001c8   0x080001c8   0x00000000   Code   RO         9133  * .ARM.Collect$$$$00000000  mc_w.l(entry.o)
    0x080001c8   0x080001c8   0x00000004   Code   RO         9420    .ARM.Collect$$$$00000001  mc_w.l(entry2.o)
    0x080001cc   0x080001cc   0x00000004   Code   RO         9423    .ARM.Collect$$$$00000004  mc_w.l(entry5.o)
    0x080001d0   0x080001d0   0x00000000   Code   RO         9425    .ARM.Collect$$$$00000008  mc_w.l(entry7b.o)
    0x080001d0   0x080001d0   0x00000000   Code   RO         9427    .ARM.Collect$$$$0000000A  mc_w.l(entry8b.o)
    0x080001d0   0x080001d0   0x00000008   Code   RO         9428    .ARM.Collect$$$$0000000B  mc_w.l(entry9a.o)
    0x080001d8   0x080001d8   0x00000000   Code   RO         9430    .ARM.Collect$$$$0000000D  mc_w.l(entry10a.o)
    0x080001d8   0x080001d8   0x00000000   Code   RO         9432    .ARM.Collect$$$$0000000F  mc_w.l(entry11a.o)
    0x080001d8   0x080001d8   0x00000004   Code   RO         9421    .ARM.Collect$$$$00002712  mc_w.l(entry2.o)
    0x080001dc   0x080001dc   0x000000ba   Code   RO         6642    .emb_text           port.o
    0x08000296   0x08000296   0x00000002   PAD
    0x08000298   0x08000298   0x00000024   Code   RO         7903    .text               startup_stm32f746xx.o
    0x080002bc   0x080002bc   0x00000024   Code   RO         9136    .text               mc_w.l(rand.o)
    0x080002e0   0x080002e0   0x00000024   Code   RO         9139    .text               mc_w.l(memcpya.o)
    0x08000304   0x08000304   0x00000024   Code   RO         9141    .text               mc_w.l(memseta.o)
    0x08000328   0x08000328   0x00000018   Code   RO         9143    .text               mc_w.l(strcat.o)
    0x08000340   0x08000340   0x0000000e   Code   RO         9147    .text               mc_w.l(strlen.o)
    0x0800034e   0x0800034e   0x0000001c   Code   RO         9149    .text               mc_w.l(strcmp.o)
    0x0800036a   0x0800036a   0x0000001a   Code   RO         9151    .text               mc_w.l(memcmp.o)
    0x08000384   0x08000384   0x00000012   Code   RO         9153    .text               mc_w.l(strcpy.o)
    0x08000396   0x08000396   0x0000001e   Code   RO         9155    .text               mc_w.l(strncmp.o)
    0x080003b4   0x080003b4   0x0000002c   Code   RO         9435    .text               mc_w.l(uidiv.o)
    0x080003e0   0x080003e0   0x00000024   Code   RO         9450    .text               mc_w.l(init.o)
    0x08000404   0x08000404   0x00000056   Code   RO         9468    .text               mc_w.l(__dczerorl2.o)
    0x0800045a   0x0800045a   0x00000002   PAD
    0x0800045c   0x0800045c   0x000000a0   Code   RO         8416    i.BSP_Config        main.o
    0x080004fc   0x080004fc   0x00000038   Code   RO         1195    i.BSP_LCD_Clear     stm32746g_discovery_lcd.o
    0x08000534   0x08000534   0x00000020   Code   RO         1197    i.BSP_LCD_ClockConfig  stm32746g_discovery_lcd.o
    0x08000554   0x08000554   0x00000034   Code   RO         1199    i.BSP_LCD_DisplayChar  stm32746g_discovery_lcd.o
    0x08000588   0x08000588   0x000000c8   Code   RO         1202    i.BSP_LCD_DisplayStringAt  stm32746g_discovery_lcd.o
    0x08000650   0x08000650   0x0000001c   Code   RO         1203    i.BSP_LCD_DisplayStringAtLine  stm32746g_discovery_lcd.o
    0x0800066c   0x0800066c   0x00000064   Code   RO         1209    i.BSP_LCD_DrawPixel  stm32746g_discovery_lcd.o
    0x080006d0   0x080006d0   0x0000009c   Code   RO         1216    i.BSP_LCD_FillRect  stm32746g_discovery_lcd.o
    0x0800076c   0x0800076c   0x0000001c   Code   RO         1218    i.BSP_LCD_GetFont   stm32746g_discovery_lcd.o
    0x08000788   0x08000788   0x00000020   Code   RO         1220    i.BSP_LCD_GetXSize  stm32746g_discovery_lcd.o
    0x080007a8   0x080007a8   0x00000020   Code   RO         1221    i.BSP_LCD_GetYSize  stm32746g_discovery_lcd.o
    0x080007c8   0x080007c8   0x000000a4   Code   RO         1222    i.BSP_LCD_Init      stm32746g_discovery_lcd.o
    0x0800086c   0x0800086c   0x00000078   Code   RO         1223    i.BSP_LCD_LayerDefaultInit  stm32746g_discovery_lcd.o
    0x080008e4   0x080008e4   0x00000138   Code   RO         1226    i.BSP_LCD_MspInit   stm32746g_discovery_lcd.o
    0x08000a1c   0x08000a1c   0x0000000c   Code   RO         1231    i.BSP_LCD_SelectLayer  stm32746g_discovery_lcd.o
    0x08000a28   0x08000a28   0x0000001c   Code   RO         1232    i.BSP_LCD_SetBackColor  stm32746g_discovery_lcd.o
    0x08000a44   0x08000a44   0x0000001c   Code   RO         1235    i.BSP_LCD_SetFont   stm32746g_discovery_lcd.o
    0x08000a60   0x08000a60   0x00000018   Code   RO         1242    i.BSP_LCD_SetTextColor  stm32746g_discovery_lcd.o
    0x08000a78   0x08000a78   0x00000078   Code   RO         1114    i.BSP_SDRAM_Init    stm32746g_discovery_sdram.o
    0x08000af0   0x08000af0   0x0000008c   Code   RO         1115    i.BSP_SDRAM_Initialization_sequence  stm32746g_discovery_sdram.o
    0x08000b7c   0x08000b7c   0x00000168   Code   RO         1117    i.BSP_SDRAM_MspInit  stm32746g_discovery_sdram.o
    0x08000ce4   0x08000ce4   0x00000170   Code   RO         1576    i.BSP_TS_GetState   stm32746g_discovery_ts.o
    0x08000e54   0x08000e54   0x0000005c   Code   RO         1577    i.BSP_TS_Get_GestureId  stm32746g_discovery_ts.o
    0x08000eb0   0x08000eb0   0x0000003c   Code   RO         1581    i.BSP_TS_Init       stm32746g_discovery_ts.o
    0x08000eec   0x08000eec   0x00000070   Code   RO         9076    i.Build_x10_tick_array  x10_library.o
    0x08000f5c   0x08000f5c   0x00000002   Code   RO         8973    i.BusFault_Handler  stm32f7xx_it.o
    0x08000f5e   0x08000f5e   0x00000002   PAD
    0x08000f60   0x08000f60   0x0000007c   Code   RO         8417    i.CPU_CACHE_Enable  main.o
    0x08000fdc   0x08000fdc   0x00000014   Code   RO         9077    i.Cp_array          x10_library.o
    0x08000ff0   0x08000ff0   0x00000160   Code   RO         8919    i.DHCP_thread       app_ethernet.o
    0x08001150   0x08001150   0x00000092   Code   RO         3781    i.DMA2D_SetConfig   stm32f7xx_hal_dma2d.o
    0x080011e2   0x080011e2   0x00000002   PAD
    0x080011e4   0x080011e4   0x00000028   Code   RO         4128    i.DMA_CalcBaseAndBitshift  stm32f7xx_hal_dma.o
    0x0800120c   0x0800120c   0x00000054   Code   RO         4129    i.DMA_CheckFifoParam  stm32f7xx_hal_dma.o
    0x08001260   0x08001260   0x00000002   Code   RO         8974    i.DebugMon_Handler  stm32f7xx_it.o
    0x08001262   0x08001262   0x00000002   PAD
    0x08001264   0x08001264   0x000000b0   Code   RO         1247    i.DrawChar          stm32746g_discovery_lcd.o
    0x08001314   0x08001314   0x0000017c   Code   RO         8725    i.DynWebPage        httpserver-netconn.o
    0x08001490   0x08001490   0x0000002e   Code   RO         2554    i.ETH_FlushTransmitFIFO  stm32f7xx_hal_eth.o
    0x080014be   0x080014be   0x00000002   PAD
    0x080014c0   0x080014c0   0x0000000c   Code   RO         8975    i.ETH_IRQHandler    stm32f7xx_it.o
    0x080014cc   0x080014cc   0x00000124   Code   RO         2555    i.ETH_MACDMAConfig  stm32f7xx_hal_eth.o
    0x080015f0   0x080015f0   0x0000005e   Code   RO         3528    i.FMC_SDRAM_Init    stm32f7xx_ll_fmc.o
    0x0800164e   0x0800164e   0x0000000c   Code   RO         3529    i.FMC_SDRAM_ProgramRefreshRate  stm32f7xx_ll_fmc.o
    0x0800165a   0x0800165a   0x00000048   Code   RO         3530    i.FMC_SDRAM_SendCommand  stm32f7xx_ll_fmc.o
    0x080016a2   0x080016a2   0x00000002   PAD
    0x080016a4   0x080016a4   0x0000008c   Code   RO         3532    i.FMC_SDRAM_Timing_Init  stm32f7xx_ll_fmc.o
    0x08001730   0x08001730   0x000000a4   Code   RO         3793    i.HAL_DMA2D_ConfigLayer  stm32f7xx_hal_dma2d.o
    0x080017d4   0x080017d4   0x0000005a   Code   RO         3801    i.HAL_DMA2D_Init    stm32f7xx_hal_dma2d.o
    0x0800182e   0x0800182e   0x00000002   Code   RO         3804    i.HAL_DMA2D_MspInit  stm32f7xx_hal_dma2d.o
    0x08001830   0x08001830   0x0000010c   Code   RO         3805    i.HAL_DMA2D_PollForTransfer  stm32f7xx_hal_dma2d.o
    0x0800193c   0x0800193c   0x00000034   Code   RO         3808    i.HAL_DMA2D_Start   stm32f7xx_hal_dma2d.o
    0x08001970   0x08001970   0x00000056   Code   RO         4133    i.HAL_DMA_DeInit    stm32f7xx_hal_dma.o
    0x080019c6   0x080019c6   0x00000002   PAD
    0x080019c8   0x080019c8   0x000000e4   Code   RO         4137    i.HAL_DMA_Init      stm32f7xx_hal_dma.o
    0x08001aac   0x08001aac   0x00000016   Code   RO         3343    i.HAL_Delay         stm32f7xx_hal.o
    0x08001ac2   0x08001ac2   0x00000074   Code   RO         2558    i.HAL_ETH_DMARxDescListInit  stm32f7xx_hal_eth.o
    0x08001b36   0x08001b36   0x00000002   PAD
    0x08001b38   0x08001b38   0x00000084   Code   RO         2559    i.HAL_ETH_DMATxDescListInit  stm32f7xx_hal_eth.o
    0x08001bbc   0x08001bbc   0x00000002   Code   RO         2561    i.HAL_ETH_ErrorCallback  stm32f7xx_hal_eth.o
    0x08001bbe   0x08001bbe   0x0000008c   Code   RO         2563    i.HAL_ETH_GetReceivedFrame_IT  stm32f7xx_hal_eth.o
    0x08001c4a   0x08001c4a   0x00000076   Code   RO         2565    i.HAL_ETH_IRQHandler  stm32f7xx_hal_eth.o
    0x08001cc0   0x08001cc0   0x000001f0   Code   RO         2566    i.HAL_ETH_Init      stm32f7xx_hal_eth.o
    0x08001eb0   0x08001eb0   0x000000bc   Code   RO         8772    i.HAL_ETH_MspInit   ethernetif.o
    0x08001f6c   0x08001f6c   0x00000086   Code   RO         2569    i.HAL_ETH_ReadPHYRegister  stm32f7xx_hal_eth.o
    0x08001ff2   0x08001ff2   0x00000002   PAD
    0x08001ff4   0x08001ff4   0x0000000c   Code   RO         8773    i.HAL_ETH_RxCpltCallback  ethernetif.o
    0x08002000   0x08002000   0x00000084   Code   RO         2571    i.HAL_ETH_Start     stm32f7xx_hal_eth.o
    0x08002084   0x08002084   0x00000112   Code   RO         2573    i.HAL_ETH_TransmitFrame  stm32f7xx_hal_eth.o
    0x08002196   0x08002196   0x00000002   Code   RO         2574    i.HAL_ETH_TxCpltCallback  stm32f7xx_hal_eth.o
    0x08002198   0x08002198   0x0000007a   Code   RO         2575    i.HAL_ETH_WritePHYRegister  stm32f7xx_hal_eth.o
    0x08002212   0x08002212   0x00000002   PAD
    0x08002214   0x08002214   0x000001d8   Code   RO         1754    i.HAL_GPIO_Init     stm32f7xx_hal_gpio.o
    0x080023ec   0x080023ec   0x00000008   Code   RO         1757    i.HAL_GPIO_TogglePin  stm32f7xx_hal_gpio.o
    0x080023f4   0x080023f4   0x0000000a   Code   RO         1758    i.HAL_GPIO_WritePin  stm32f7xx_hal_gpio.o
    0x080023fe   0x080023fe   0x00000002   PAD
    0x08002400   0x08002400   0x0000000c   Code   RO         3351    i.HAL_GetTick       stm32f7xx_hal.o
    0x0800240c   0x0800240c   0x00000034   Code   RO         2092    i.HAL_I2C_DeInit    stm32f7xx_hal_i2c.o
    0x08002440   0x08002440   0x00000006   Code   RO         2100    i.HAL_I2C_GetState  stm32f7xx_hal_i2c.o
    0x08002446   0x08002446   0x00000002   PAD
    0x08002448   0x08002448   0x000000b8   Code   RO         2101    i.HAL_I2C_Init      stm32f7xx_hal_i2c.o
    0x08002500   0x08002500   0x0000016c   Code   RO         2117    i.HAL_I2C_Mem_Read  stm32f7xx_hal_i2c.o
    0x0800266c   0x0800266c   0x00000168   Code   RO         2120    i.HAL_I2C_Mem_Write  stm32f7xx_hal_i2c.o
    0x080027d4   0x080027d4   0x00000002   Code   RO         2123    i.HAL_I2C_MspDeInit  stm32f7xx_hal_i2c.o
    0x080027d6   0x080027d6   0x00000002   Code   RO         2124    i.HAL_I2C_MspInit   stm32f7xx_hal_i2c.o
    0x080027d8   0x080027d8   0x00000010   Code   RO         3355    i.HAL_IncTick       stm32f7xx_hal.o
    0x080027e8   0x080027e8   0x00000024   Code   RO         3356    i.HAL_Init          stm32f7xx_hal.o
    0x0800280c   0x0800280c   0x00000080   Code   RO         8874    i.HAL_InitTick      stm32f7xx_hal_timebase_tim.o
    0x0800288c   0x0800288c   0x00000052   Code   RO         4672    i.HAL_LTDC_ConfigLayer  stm32f7xx_hal_ltdc.o
    0x080028de   0x080028de   0x00000006   Code   RO         4687    i.HAL_LTDC_GetState  stm32f7xx_hal_ltdc.o
    0x080028e4   0x080028e4   0x00000100   Code   RO         4689    i.HAL_LTDC_Init     stm32f7xx_hal_ltdc.o
    0x080029e4   0x080029e4   0x00000002   Code   RO         4692    i.HAL_LTDC_MspInit  stm32f7xx_hal_ltdc.o
    0x080029e6   0x080029e6   0x00000002   PAD
    0x080029e8   0x080029e8   0x0000005c   Code   RO         4926    i.HAL_MPU_ConfigRegion  stm32f7xx_hal_cortex.o
    0x08002a44   0x08002a44   0x0000001c   Code   RO         4927    i.HAL_MPU_Disable   stm32f7xx_hal_cortex.o
    0x08002a60   0x08002a60   0x00000024   Code   RO         4928    i.HAL_MPU_Enable    stm32f7xx_hal_cortex.o
    0x08002a84   0x08002a84   0x00000002   Code   RO         3359    i.HAL_MspInit       stm32f7xx_hal.o
    0x08002a86   0x08002a86   0x0000001a   Code   RO         4931    i.HAL_NVIC_EnableIRQ  stm32f7xx_hal_cortex.o
    0x08002aa0   0x08002aa0   0x00000040   Code   RO         4937    i.HAL_NVIC_SetPriority  stm32f7xx_hal_cortex.o
    0x08002ae0   0x08002ae0   0x00000024   Code   RO         4938    i.HAL_NVIC_SetPriorityGrouping  stm32f7xx_hal_cortex.o
    0x08002b04   0x08002b04   0x0000006c   Code   RO         5237    i.HAL_PWREx_EnableOverDrive  stm32f7xx_hal_pwr_ex.o
    0x08002b70   0x08002b70   0x000004fc   Code   RO         2520    i.HAL_RCCEx_PeriphCLKConfig  stm32f7xx_hal_rcc_ex.o
    0x0800306c   0x0800306c   0x00000114   Code   RO         5062    i.HAL_RCC_ClockConfig  stm32f7xx_hal_rcc.o
    0x08003180   0x08003180   0x00000040   Code   RO         5066    i.HAL_RCC_GetClockConfig  stm32f7xx_hal_rcc.o
    0x080031c0   0x080031c0   0x0000000c   Code   RO         5067    i.HAL_RCC_GetHCLKFreq  stm32f7xx_hal_rcc.o
    0x080031cc   0x080031cc   0x00000020   Code   RO         5069    i.HAL_RCC_GetPCLK1Freq  stm32f7xx_hal_rcc.o
    0x080031ec   0x080031ec   0x00000060   Code   RO         5071    i.HAL_RCC_GetSysClockFreq  stm32f7xx_hal_rcc.o
    0x0800324c   0x0800324c   0x00000338   Code   RO         5074    i.HAL_RCC_OscConfig  stm32f7xx_hal_rcc.o
    0x08003584   0x08003584   0x00000042   Code   RO         4519    i.HAL_SDRAM_Init    stm32f7xx_hal_sdram.o
    0x080035c6   0x080035c6   0x00000002   Code   RO         4521    i.HAL_SDRAM_MspInit  stm32f7xx_hal_sdram.o
    0x080035c8   0x080035c8   0x00000022   Code   RO         4522    i.HAL_SDRAM_ProgramRefreshRate  stm32f7xx_hal_sdram.o
    0x080035ea   0x080035ea   0x00000002   PAD
    0x080035ec   0x080035ec   0x00000030   Code   RO         4528    i.HAL_SDRAM_SendCommand  stm32f7xx_hal_sdram.o
    0x0800361c   0x0800361c   0x00000002   Code   RO         1817    i.HAL_TIMEx_BreakCallback  stm32f7xx_hal_tim_ex.o
    0x0800361e   0x0800361e   0x00000002   Code   RO         1818    i.HAL_TIMEx_CommutationCallback  stm32f7xx_hal_tim_ex.o
    0x08003620   0x08003620   0x00000036   Code   RO         2704    i.HAL_TIM_Base_Init  stm32f7xx_hal_tim.o
    0x08003656   0x08003656   0x00000002   PAD
    0x08003658   0x08003658   0x0000002c   Code   RO         9049    i.HAL_TIM_Base_MspInit  stm32f7xx_hal_msp.o
    0x08003684   0x08003684   0x00000018   Code   RO         2709    i.HAL_TIM_Base_Start_IT  stm32f7xx_hal_tim.o
    0x0800369c   0x0800369c   0x00000002   Code   RO         2733    i.HAL_TIM_IC_CaptureCallback  stm32f7xx_hal_tim.o
    0x0800369e   0x0800369e   0x0000017e   Code   RO         2746    i.HAL_TIM_IRQHandler  stm32f7xx_hal_tim.o
    0x0800381c   0x0800381c   0x00000002   Code   RO         2749    i.HAL_TIM_OC_DelayElapsedCallback  stm32f7xx_hal_tim.o
    0x0800381e   0x0800381e   0x00000002   Code   RO         2776    i.HAL_TIM_PWM_PulseFinishedCallback  stm32f7xx_hal_tim.o
    0x08003820   0x08003820   0x00000068   Code   RO         8418    i.HAL_TIM_PeriodElapsedCallback  main.o
    0x08003888   0x08003888   0x00000002   Code   RO         2787    i.HAL_TIM_TriggerCallback  stm32f7xx_hal_tim.o
    0x0800388a   0x0800388a   0x00000002   Code   RO         8976    i.HardFault_Handler  stm32f7xx_it.o
    0x0800388c   0x0800388c   0x00000022   Code   RO         2143    i.I2C_Flush_TXDR    stm32f7xx_hal_i2c.o
    0x080038ae   0x080038ae   0x00000002   PAD
    0x080038b0   0x080038b0   0x0000007c   Code   RO         2151    i.I2C_IsAcknowledgeFailed  stm32f7xx_hal_i2c.o
    0x0800392c   0x0800392c   0x0000006e   Code   RO         2154    i.I2C_RequestMemoryRead  stm32f7xx_hal_i2c.o
    0x0800399a   0x0800399a   0x0000006e   Code   RO         2155    i.I2C_RequestMemoryWrite  stm32f7xx_hal_i2c.o
    0x08003a08   0x08003a08   0x00000024   Code   RO         2158    i.I2C_TransferConfig  stm32f7xx_hal_i2c.o
    0x08003a2c   0x08003a2c   0x00000052   Code   RO         2159    i.I2C_WaitOnFlagUntilTimeout  stm32f7xx_hal_i2c.o
    0x08003a7e   0x08003a7e   0x00000050   Code   RO         2161    i.I2C_WaitOnSTOPFlagUntilTimeout  stm32f7xx_hal_i2c.o
    0x08003ace   0x08003ace   0x00000054   Code   RO         2162    i.I2C_WaitOnTXISFlagUntilTimeout  stm32f7xx_hal_i2c.o
    0x08003b22   0x08003b22   0x00000012   Code   RO          921    i.I2Cx_Error        stm32746g_discovery.o
    0x08003b34   0x08003b34   0x00000050   Code   RO          922    i.I2Cx_Init         stm32746g_discovery.o
    0x08003b84   0x08003b84   0x00000124   Code   RO          923    i.I2Cx_MspInit      stm32746g_discovery.o
    0x08003ca8   0x08003ca8   0x0000002a   Code   RO          924    i.I2Cx_ReadMultiple  stm32746g_discovery.o
    0x08003cd2   0x08003cd2   0x0000002a   Code   RO          925    i.I2Cx_WriteMultiple  stm32746g_discovery.o
    0x08003cfc   0x08003cfc   0x0000009c   Code   RO         9078    i.InitX10           x10_library.o
    0x08003d98   0x08003d98   0x00000028   Code   RO            5    i.LCD_LOG_DeInit    lcd_log.o
    0x08003dc0   0x08003dc0   0x00000012   Code   RO            6    i.LCD_LOG_Init      lcd_log.o
    0x08003dd2   0x08003dd2   0x00000002   PAD
    0x08003dd4   0x08003dd4   0x00000078   Code   RO            9    i.LCD_LOG_SetFooter  lcd_log.o
    0x08003e4c   0x08003e4c   0x0000006c   Code   RO           10    i.LCD_LOG_SetHeader  lcd_log.o
    0x08003eb8   0x08003eb8   0x00000084   Code   RO           11    i.LCD_LOG_UpdateDisplay  lcd_log.o
    0x08003f3c   0x08003f3c   0x00000080   Code   RO         1250    i.LL_FillBuffer     stm32746g_discovery_lcd.o
    0x08003fbc   0x08003fbc   0x000001d0   Code   RO         4708    i.LTDC_SetConfig    stm32f7xx_hal_ltdc.o
    0x0800418c   0x0800418c   0x00000002   Code   RO         8977    i.MemManage_Handler  stm32f7xx_it.o
    0x0800418e   0x0800418e   0x00000002   Code   RO         8978    i.NMI_Handler       stm32f7xx_it.o
    0x08004190   0x08004190   0x00000044   Code   RO         8774    i.SCB_CleanInvalidateDCache  ethernetif.o
    0x080041d4   0x080041d4   0x00000020   Code   RO         9079    i.Send_complete_x10_frame  x10_library.o
    0x080041f4   0x080041f4   0x00000038   Code   RO         9080    i.Send_single_x10_frame  x10_library.o
    0x0800422c   0x0800422c   0x000000b8   Code   RO         8419    i.StartThread       main.o
    0x080042e4   0x080042e4   0x00000004   Code   RO         8979    i.SysTick_Handler   stm32f7xx_it.o
    0x080042e8   0x080042e8   0x00000054   Code   RO         7911    i.SystemInit        system_stm32f7xx.o
    0x0800433c   0x0800433c   0x0000000c   Code   RO         8980    i.TIM3_IRQHandler   stm32f7xx_it.o
    0x08004348   0x08004348   0x0000000c   Code   RO         8877    i.TIM6_DAC_IRQHandler  stm32f7xx_hal_timebase_tim.o
    0x08004354   0x08004354   0x000000cc   Code   RO         2788    i.TIM_Base_SetConfig  stm32f7xx_hal_tim.o
    0x08004420   0x08004420   0x00000004   Code   RO          926    i.TS_IO_Delay       stm32746g_discovery.o
    0x08004424   0x08004424   0x0000000c   Code   RO          927    i.TS_IO_Init        stm32746g_discovery.o
    0x08004430   0x08004430   0x00000028   Code   RO          928    i.TS_IO_Read        stm32746g_discovery.o
    0x08004458   0x08004458   0x00000020   Code   RO          929    i.TS_IO_Write       stm32746g_discovery.o
    0x08004478   0x08004478   0x00000002   Code   RO         8981    i.UsageFault_Handler  stm32f7xx_it.o
    0x0800447a   0x0800447a   0x00000002   PAD
    0x0800447c   0x0800447c   0x00000054   Code   RO         8920    i.User_notification  app_ethernet.o
    0x080044d0   0x080044d0   0x00000020   Code   RO         9248    i.__0printf$3       mc_w.l(printf3.o)
    0x080044f0   0x080044f0   0x00000028   Code   RO         9250    i.__0sprintf$3      mc_w.l(printf3.o)
    0x08004518   0x08004518   0x00000022   Code   RO         4944    i.__NVIC_SetPriority  stm32f7xx_hal_cortex.o
    0x0800453a   0x0800453a   0x0000000e   Code   RO         9462    i.__scatterload_copy  mc_w.l(handlers.o)
    0x08004548   0x08004548   0x00000002   Code   RO         9463    i.__scatterload_null  mc_w.l(handlers.o)
    0x0800454a   0x0800454a   0x0000000e   Code   RO         9464    i.__scatterload_zeroinit  mc_w.l(handlers.o)
    0x08004558   0x08004558   0x000001b8   Code   RO         9255    i._printf_core      mc_w.l(printf3.o)
    0x08004710   0x08004710   0x0000000a   Code   RO         9257    i._sputc            mc_w.l(printf3.o)
    0x0800471a   0x0800471a   0x00000002   PAD
    0x0800471c   0x0800471c   0x000000d8   Code   RO          728    i.accept_function   api_msg.o
    0x080047f4   0x080047f4   0x0000001c   Code   RO         5320    i.cyclic_timer      timeouts.o
    0x08004810   0x08004810   0x0000001e   Code   RO         8224    i.dhcp_arp_reply    dhcp.o
    0x0800482e   0x0800482e   0x000000d6   Code   RO         8225    i.dhcp_bind         dhcp.o
    0x08004904   0x08004904   0x00000034   Code   RO         8226    i.dhcp_check        dhcp.o
    0x08004938   0x08004938   0x000000ac   Code   RO         8228    i.dhcp_coarse_tmr   dhcp.o
    0x080049e4   0x080049e4   0x00000134   Code   RO         8229    i.dhcp_create_msg   dhcp.o
    0x08004b18   0x08004b18   0x00000020   Code   RO         8230    i.dhcp_dec_pcb_refcount  dhcp.o
    0x08004b38   0x08004b38   0x00000088   Code   RO         8231    i.dhcp_decline      dhcp.o
    0x08004bc0   0x08004bc0   0x00000016   Code   RO         8232    i.dhcp_delete_msg   dhcp.o
    0x08004bd6   0x08004bd6   0x00000002   PAD
    0x08004bd8   0x08004bd8   0x000000cc   Code   RO         8233    i.dhcp_discover     dhcp.o
    0x08004ca4   0x08004ca4   0x00000034   Code   RO         8234    i.dhcp_fine_tmr     dhcp.o
    0x08004cd8   0x08004cd8   0x00000064   Code   RO         8235    i.dhcp_handle_ack   dhcp.o
    0x08004d3c   0x08004d3c   0x00000050   Code   RO         8236    i.dhcp_inc_pcb_refcount  dhcp.o
    0x08004d8c   0x08004d8c   0x00000020   Code   RO         8239    i.dhcp_option       dhcp.o
    0x08004dac   0x08004dac   0x00000012   Code   RO         8240    i.dhcp_option_byte  dhcp.o
    0x08004dbe   0x08004dbe   0x00000042   Code   RO         8241    i.dhcp_option_long  dhcp.o
    0x08004e00   0x08004e00   0x00000022   Code   RO         8242    i.dhcp_option_short  dhcp.o
    0x08004e22   0x08004e22   0x00000030   Code   RO         8243    i.dhcp_option_trailer  dhcp.o
    0x08004e52   0x08004e52   0x00000002   PAD
    0x08004e54   0x08004e54   0x0000020c   Code   RO         8244    i.dhcp_parse_reply  dhcp.o
    0x08005060   0x08005060   0x000000b8   Code   RO         8245    i.dhcp_rebind       dhcp.o
    0x08005118   0x08005118   0x000000d4   Code   RO         8246    i.dhcp_reboot       dhcp.o
    0x080051ec   0x080051ec   0x0000012c   Code   RO         8247    i.dhcp_recv         dhcp.o
    0x08005318   0x08005318   0x000000a8   Code   RO         8248    i.dhcp_release      dhcp.o
    0x080053c0   0x080053c0   0x000000b8   Code   RO         8249    i.dhcp_renew        dhcp.o
    0x08005478   0x08005478   0x000000f8   Code   RO         8250    i.dhcp_select       dhcp.o
    0x08005570   0x08005570   0x00000010   Code   RO         8251    i.dhcp_set_state    dhcp.o
    0x08005580   0x08005580   0x00000060   Code   RO         8253    i.dhcp_start        dhcp.o
    0x080055e0   0x080055e0   0x00000024   Code   RO         8254    i.dhcp_stop         dhcp.o
    0x08005604   0x08005604   0x00000018   Code   RO         8255    i.dhcp_supplied_address  dhcp.o
    0x0800561c   0x0800561c   0x00000066   Code   RO         8256    i.dhcp_timeout      dhcp.o
    0x08005682   0x08005682   0x0000001c   Code   RO         5587    i.do_memp_free_pool  memp.o
    0x0800569e   0x0800569e   0x00000022   Code   RO         5588    i.do_memp_malloc_pool  memp.o
    0x080056c0   0x080056c0   0x00000058   Code   RO         7389    i.eTaskGetState     tasks.o
    0x08005718   0x08005718   0x000000d4   Code   RO          729    i.err_tcp           api_msg.o
    0x080057ec   0x080057ec   0x00000030   Code   RO         7945    i.etharp_cleanup_netif  etharp.o
    0x0800581c   0x0800581c   0x000000dc   Code   RO         7947    i.etharp_find_entry  etharp.o
    0x080058f8   0x080058f8   0x00000024   Code   RO         7948    i.etharp_free_entry  etharp.o
    0x0800591c   0x0800591c   0x000000b2   Code   RO         7950    i.etharp_input      etharp.o
    0x080059ce   0x080059ce   0x00000002   PAD
    0x080059d0   0x080059d0   0x000000e8   Code   RO         7951    i.etharp_output     etharp.o
    0x08005ab8   0x08005ab8   0x00000060   Code   RO         7952    i.etharp_output_to_arp_index  etharp.o
    0x08005b18   0x08005b18   0x000000f0   Code   RO         7953    i.etharp_query      etharp.o
    0x08005c08   0x08005c08   0x00000088   Code   RO         7954    i.etharp_raw        etharp.o
    0x08005c90   0x08005c90   0x0000000c   Code   RO         7955    i.etharp_request    etharp.o
    0x08005c9c   0x08005c9c   0x00000020   Code   RO         7956    i.etharp_request_dst  etharp.o
    0x08005cbc   0x08005cbc   0x00000060   Code   RO         7957    i.etharp_tmr        etharp.o
    0x08005d1c   0x08005d1c   0x00000080   Code   RO         7958    i.etharp_update_arp_entry  etharp.o
    0x08005d9c   0x08005d9c   0x000000a0   Code   RO         7872    i.ethernet_input    ethernet.o
    0x08005e3c   0x08005e3c   0x0000004a   Code   RO         7873    i.ethernet_output   ethernet.o
    0x08005e86   0x08005e86   0x00000002   PAD
    0x08005e88   0x08005e88   0x00000028   Code   RO         8775    i.ethernetif_init   ethernetif.o
    0x08005eb0   0x08005eb0   0x00000034   Code   RO         8776    i.ethernetif_input  ethernetif.o
    0x08005ee4   0x08005ee4   0x0000010c   Code   RO           12    i.fputc             lcd_log.o
    0x08005ff0   0x08005ff0   0x00000002   Code   RO         6595    i.fs_close          fs.o
    0x08005ff2   0x08005ff2   0x00000002   PAD
    0x08005ff4   0x08005ff4   0x00000044   Code   RO         6596    i.fs_open           fs.o
    0x08006038   0x08006038   0x00000018   Code   RO         1655    i.ft5336_I2C_InitializeIfRequired  ft5336.o
    0x08006050   0x08006050   0x00000010   Code   RO         1656    i.ft5336_Init       ft5336.o
    0x08006060   0x08006060   0x0000003a   Code   RO         1657    i.ft5336_ReadID     ft5336.o
    0x0800609a   0x0800609a   0x00000002   Code   RO         1658    i.ft5336_Reset      ft5336.o
    0x0800609c   0x0800609c   0x00000002   Code   RO         1659    i.ft5336_TS_ClearIT  ft5336.o
    0x0800609e   0x0800609e   0x00000002   PAD
    0x080060a0   0x080060a0   0x00000040   Code   RO         1660    i.ft5336_TS_DetectTouch  ft5336.o
    0x080060e0   0x080060e0   0x0000000a   Code   RO         1661    i.ft5336_TS_DisableIT  ft5336.o
    0x080060ea   0x080060ea   0x0000000a   Code   RO         1662    i.ft5336_TS_EnableIT  ft5336.o
    0x080060f4   0x080060f4   0x0000001e   Code   RO         1663    i.ft5336_TS_GetGestureID  ft5336.o
    0x08006112   0x08006112   0x00000002   PAD
    0x08006114   0x08006114   0x000000cc   Code   RO         1664    i.ft5336_TS_GetTouchInfo  ft5336.o
    0x080061e0   0x080061e0   0x00000120   Code   RO         1665    i.ft5336_TS_GetXY   ft5336.o
    0x08006300   0x08006300   0x00000004   Code   RO         1666    i.ft5336_TS_ITStatus  ft5336.o
    0x08006304   0x08006304   0x00000004   Code   RO         1667    i.ft5336_TS_Start   ft5336.o
    0x08006308   0x08006308   0x00000024   Code   RO         8726    i.http_server_netconn_init  httpserver-netconn.o
    0x0800632c   0x0800632c   0x00000040   Code   RO         8727    i.http_server_netconn_thread  httpserver-netconn.o
    0x0800636c   0x0800636c   0x00000178   Code   RO         8728    i.http_server_serve  httpserver-netconn.o
    0x080064e4   0x080064e4   0x00000008   Code   RO         8032    i.icmp_dest_unreach  icmp.o
    0x080064ec   0x080064ec   0x00000100   Code   RO         8033    i.icmp_input        icmp.o
    0x080065ec   0x080065ec   0x0000006c   Code   RO         8034    i.icmp_send_response  icmp.o
    0x08006658   0x08006658   0x00000008   Code   RO         8035    i.icmp_time_exceeded  icmp.o
    0x08006660   0x08006660   0x0000000c   Code   RO         6789    i.inHandlerMode     cmsis_os.o
    0x0800666c   0x0800666c   0x00000048   Code   RO         6371    i.inet_chksum_pbuf  inet_chksum.o
    0x080066b4   0x080066b4   0x0000002e   Code   RO         8108    i.ip4_addr_isbroadcast_u32  ip4_addr.o
    0x080066e2   0x080066e2   0x00000002   PAD
    0x080066e4   0x080066e4   0x00000160   Code   RO         8162    i.ip4_frag          ip4_frag.o
    0x08006844   0x08006844   0x000001b8   Code   RO         8067    i.ip4_input         ip4.o
    0x080069fc   0x080069fc   0x0000001e   Code   RO         8069    i.ip4_output_if     ip4.o
    0x08006a1a   0x08006a1a   0x00000002   PAD
    0x08006a1c   0x08006a1c   0x000000ac   Code   RO         8070    i.ip4_output_if_src  ip4.o
    0x08006ac8   0x08006ac8   0x00000194   Code   RO         8163    i.ip4_reass         ip4_frag.o
    0x08006c5c   0x08006c5c   0x0000005c   Code   RO         8071    i.ip4_route         ip4.o
    0x08006cb8   0x08006cb8   0x0000000c   Code   RO         8111    i.ip4addr_ntoa      ip4_addr.o
    0x08006cc4   0x08006cc4   0x0000007c   Code   RO         8112    i.ip4addr_ntoa_r    ip4_addr.o
    0x08006d40   0x08006d40   0x00000008   Code   RO         8164    i.ip_frag_free_pbuf_custom_ref  ip4_frag.o
    0x08006d48   0x08006d48   0x000000f0   Code   RO         8165    i.ip_reass_chain_frag_into_datagram_and_validate  ip4_frag.o
    0x08006e38   0x08006e38   0x00000024   Code   RO         8166    i.ip_reass_dequeue_datagram  ip4_frag.o
    0x08006e5c   0x08006e5c   0x00000070   Code   RO         8167    i.ip_reass_free_complete_datagram  ip4_frag.o
    0x08006ecc   0x08006ecc   0x00000080   Code   RO         8168    i.ip_reass_remove_oldest_datagram  ip4_frag.o
    0x08006f4c   0x08006f4c   0x0000002c   Code   RO         8169    i.ip_reass_tmr      ip4_frag.o
    0x08006f78   0x08006f78   0x00000016   Code   RO         8170    i.ipfrag_free_pbuf_custom  ip4_frag.o
    0x08006f8e   0x08006f8e   0x00000002   PAD
    0x08006f90   0x08006f90   0x000000e4   Code   RO         8777    i.low_level_init    ethernetif.o
    0x08007074   0x08007074   0x000000d0   Code   RO         8778    i.low_level_input   ethernetif.o
    0x08007144   0x08007144   0x000000b4   Code   RO         8779    i.low_level_output  ethernetif.o
    0x080071f8   0x080071f8   0x00000004   Code   RO         5532    i.lwip_htonl        def.o
    0x080071fc   0x080071fc   0x00000004   Code   RO         5533    i.lwip_htons        def.o
    0x08007200   0x08007200   0x00000022   Code   RO         5703    i.lwip_init         init.o
    0x08007222   0x08007222   0x0000005e   Code   RO          730    i.lwip_netconn_do_bind  api_msg.o
    0x08007280   0x08007280   0x00000098   Code   RO          731    i.lwip_netconn_do_close  api_msg.o
    0x08007318   0x08007318   0x0000015c   Code   RO          732    i.lwip_netconn_do_close_internal  api_msg.o
    0x08007474   0x08007474   0x000000c8   Code   RO          735    i.lwip_netconn_do_delconn  api_msg.o
    0x0800753c   0x0800753c   0x000000dc   Code   RO          738    i.lwip_netconn_do_listen  api_msg.o
    0x08007618   0x08007618   0x00000038   Code   RO          739    i.lwip_netconn_do_newconn  api_msg.o
    0x08007650   0x08007650   0x00000060   Code   RO          740    i.lwip_netconn_do_recv  api_msg.o
    0x080076b0   0x080076b0   0x0000008c   Code   RO          742    i.lwip_netconn_do_write  api_msg.o
    0x0800773c   0x0800773c   0x00000146   Code   RO          743    i.lwip_netconn_do_writemore  api_msg.o
    0x08007882   0x08007882   0x00000002   PAD
    0x08007884   0x08007884   0x0000005c   Code   RO         6378    i.lwip_standard_chksum  inet_chksum.o
    0x080078e0   0x080078e0   0x000000bc   Code   RO         8420    i.main              main.o
    0x0800799c   0x0800799c   0x0000000e   Code   RO         6791    i.makeFreeRtosPriority  cmsis_os.o
    0x080079aa   0x080079aa   0x00000002   PAD
    0x080079ac   0x080079ac   0x00000050   Code   RO         6326    i.mem_free          mem.o
    0x080079fc   0x080079fc   0x0000003c   Code   RO         6327    i.mem_init          mem.o
    0x08007a38   0x08007a38   0x000000d4   Code   RO         6328    i.mem_malloc        mem.o
    0x08007b0c   0x08007b0c   0x000000ec   Code   RO         6329    i.mem_trim          mem.o
    0x08007bf8   0x08007bf8   0x00000018   Code   RO         5589    i.memp_free         memp.o
    0x08007c10   0x08007c10   0x00000020   Code   RO         5591    i.memp_init         memp.o
    0x08007c30   0x08007c30   0x0000002a   Code   RO         5592    i.memp_init_pool    memp.o
    0x08007c5a   0x08007c5a   0x00000002   PAD
    0x08007c5c   0x08007c5c   0x00000018   Code   RO         5593    i.memp_malloc       memp.o
    0x08007c74   0x08007c74   0x00000026   Code   RO          319    i.netbuf_data       netbuf.o
    0x08007c9a   0x08007c9a   0x00000022   Code   RO          320    i.netbuf_delete     netbuf.o
    0x08007cbc   0x08007cbc   0x0000007c   Code   RO          412    i.netconn_accept    api_lib.o
    0x08007d38   0x08007d38   0x0000006a   Code   RO          744    i.netconn_alloc     api_msg.o
    0x08007da2   0x08007da2   0x00000016   Code   RO          413    i.netconn_apimsg    api_lib.o
    0x08007db8   0x08007db8   0x00000030   Code   RO          414    i.netconn_bind      api_lib.o
    0x08007de8   0x08007de8   0x00000006   Code   RO          415    i.netconn_close     api_lib.o
    0x08007dee   0x08007dee   0x00000002   PAD
    0x08007df0   0x08007df0   0x00000028   Code   RO          416    i.netconn_close_shutdown  api_lib.o
    0x08007e18   0x08007e18   0x0000002c   Code   RO          418    i.netconn_delete    api_lib.o
    0x08007e44   0x08007e44   0x000000a0   Code   RO          745    i.netconn_drain     api_msg.o
    0x08007ee4   0x08007ee4   0x0000002e   Code   RO          746    i.netconn_free      api_msg.o
    0x08007f12   0x08007f12   0x00000002   PAD
    0x08007f14   0x08007f14   0x00000020   Code   RO          421    i.netconn_listen_with_backlog  api_lib.o
    0x08007f34   0x08007f34   0x00000060   Code   RO          422    i.netconn_new_with_proto_and_callback  api_lib.o
    0x08007f94   0x08007f94   0x00000066   Code   RO          423    i.netconn_recv      api_lib.o
    0x08007ffa   0x08007ffa   0x00000002   PAD
    0x08007ffc   0x08007ffc   0x000000d8   Code   RO          424    i.netconn_recv_data  api_lib.o
    0x080080d4   0x080080d4   0x00000068   Code   RO          429    i.netconn_write_partly  api_lib.o
    0x0800813c   0x0800813c   0x00000058   Code   RO         5884    i.netif_add         netif.o
    0x08008194   0x08008194   0x00000002   Code   RO         5886    i.netif_init        netif.o
    0x08008196   0x08008196   0x0000001a   Code   RO         5888    i.netif_issue_reports  netif.o
    0x080081b0   0x080081b0   0x00000048   Code   RO         5890    i.netif_set_addr    netif.o
    0x080081f8   0x080081f8   0x0000000c   Code   RO         5891    i.netif_set_default  netif.o
    0x08008204   0x08008204   0x0000001a   Code   RO         5892    i.netif_set_down    netif.o
    0x0800821e   0x0800821e   0x00000008   Code   RO         5893    i.netif_set_gw      netif.o
    0x08008226   0x08008226   0x00000002   PAD
    0x08008228   0x08008228   0x00000040   Code   RO         5894    i.netif_set_ipaddr  netif.o
    0x08008268   0x08008268   0x00000008   Code   RO         5898    i.netif_set_netmask  netif.o
    0x08008270   0x08008270   0x0000001c   Code   RO         5899    i.netif_set_up      netif.o
    0x0800828c   0x0800828c   0x0000000e   Code   RO         6793    i.osDelay           cmsis_os.o
    0x0800829a   0x0800829a   0x0000000a   Code   RO         6796    i.osKernelStart     cmsis_os.o
    0x080082a4   0x080082a4   0x00000018   Code   RO         6797    i.osKernelSysTick   cmsis_os.o
    0x080082bc   0x080082bc   0x0000000a   Code   RO         6805    i.osMessageCreate   cmsis_os.o
    0x080082c6   0x080082c6   0x00000018   Code   RO         6806    i.osMessageDelete   cmsis_os.o
    0x080082de   0x080082de   0x00000002   PAD
    0x080082e0   0x080082e0   0x00000098   Code   RO         6807    i.osMessageGet      cmsis_os.o
    0x08008378   0x08008378   0x0000005c   Code   RO         6809    i.osMessagePut      cmsis_os.o
    0x080083d4   0x080083d4   0x0000001e   Code   RO         6810    i.osMessageWaiting  cmsis_os.o
    0x080083f2   0x080083f2   0x00000006   Code   RO         6811    i.osMutexCreate     cmsis_os.o
    0x080083f8   0x080083f8   0x00000050   Code   RO         6813    i.osMutexRelease    cmsis_os.o
    0x08008448   0x08008448   0x0000006c   Code   RO         6814    i.osMutexWait       cmsis_os.o
    0x080084b4   0x080084b4   0x0000002c   Code   RO         6822    i.osSemaphoreCreate  cmsis_os.o
    0x080084e0   0x080084e0   0x00000018   Code   RO         6823    i.osSemaphoreDelete  cmsis_os.o
    0x080084f8   0x080084f8   0x00000050   Code   RO         6825    i.osSemaphoreRelease  cmsis_os.o
    0x08008548   0x08008548   0x0000006c   Code   RO         6826    i.osSemaphoreWait   cmsis_os.o
    0x080085b4   0x080085b4   0x00000014   Code   RO         6829    i.osSystickHandler  cmsis_os.o
    0x080085c8   0x080085c8   0x0000002e   Code   RO         6830    i.osThreadCreate    cmsis_os.o
    0x080085f6   0x080085f6   0x0000000a   Code   RO         6833    i.osThreadList      cmsis_os.o
    0x08008600   0x08008600   0x0000000a   Code   RO         6839    i.osThreadTerminate  cmsis_os.o
    0x0800860a   0x0800860a   0x00000112   Code   RO         5733    i.pbuf_alloc        pbuf.o
    0x0800871c   0x0800871c   0x00000052   Code   RO         5734    i.pbuf_alloced_custom  pbuf.o
    0x0800876e   0x0800876e   0x00000028   Code   RO         5735    i.pbuf_cat          pbuf.o
    0x08008796   0x08008796   0x00000012   Code   RO         5736    i.pbuf_chain        pbuf.o
    0x080087a8   0x080087a8   0x00000012   Code   RO         5737    i.pbuf_clen         pbuf.o
    0x080087ba   0x080087ba   0x0000009a   Code   RO         5739    i.pbuf_copy         pbuf.o
    0x08008854   0x08008854   0x00000066   Code   RO         5740    i.pbuf_copy_partial  pbuf.o
    0x080088ba   0x080088ba   0x00000062   Code   RO         5742    i.pbuf_free         pbuf.o
    0x0800891c   0x0800891c   0x00000006   Code   RO         5744    i.pbuf_header       pbuf.o
    0x08008922   0x08008922   0x00000006   Code   RO         5745    i.pbuf_header_force  pbuf.o
    0x08008928   0x08008928   0x00000064   Code   RO         5746    i.pbuf_header_impl  pbuf.o
    0x0800898c   0x0800898c   0x00000054   Code   RO         5750    i.pbuf_realloc      pbuf.o
    0x080089e0   0x080089e0   0x0000001a   Code   RO         5751    i.pbuf_ref          pbuf.o
    0x080089fa   0x080089fa   0x00000002   PAD
    0x080089fc   0x080089fc   0x00000060   Code   RO          747    i.pcb_new           api_msg.o
    0x08008a5c   0x08008a5c   0x00000054   Code   RO         6330    i.plug_holes        mem.o
    0x08008ab0   0x08008ab0   0x00000062   Code   RO          748    i.poll_tcp          api_msg.o
    0x08008b12   0x08008b12   0x00000002   PAD
    0x08008b14   0x08008b14   0x00000050   Code   RO         7391    i.prvAddCurrentTaskToDelayedList  tasks.o
    0x08008b64   0x08008b64   0x000000c8   Code   RO         7392    i.prvAddNewTaskToReadyList  tasks.o
    0x08008c2c   0x08008c2c   0x00000050   Code   RO         7393    i.prvCheckTasksWaitingTermination  tasks.o
    0x08008c7c   0x08008c7c   0x00000026   Code   RO         7205    i.prvCopyDataFromQueue  queue.o
    0x08008ca2   0x08008ca2   0x0000006c   Code   RO         7206    i.prvCopyDataToQueue  queue.o
    0x08008d0e   0x08008d0e   0x00000014   Code   RO         7394    i.prvDeleteTCB      tasks.o
    0x08008d22   0x08008d22   0x00000002   PAD
    0x08008d24   0x08008d24   0x00000050   Code   RO         6725    i.prvHeapInit       heap_4.o
    0x08008d74   0x08008d74   0x00000028   Code   RO         7395    i.prvIdleTask       tasks.o
    0x08008d9c   0x08008d9c   0x000000a0   Code   RO         7396    i.prvInitialiseNewTask  tasks.o
    0x08008e3c   0x08008e3c   0x0000004c   Code   RO         6726    i.prvInsertBlockIntoFreeList  heap_4.o
    0x08008e88   0x08008e88   0x0000001c   Code   RO         7207    i.prvIsQueueEmpty   queue.o
    0x08008ea4   0x08008ea4   0x0000005a   Code   RO         7397    i.prvListTasksWithinSingleList  tasks.o
    0x08008efe   0x08008efe   0x00000002   PAD
    0x08008f00   0x08008f00   0x00000020   Code   RO         7398    i.prvResetNextTaskUnblockTime  tasks.o
    0x08008f20   0x08008f20   0x00000030   Code   RO         6643    i.prvTaskExitError  port.o
    0x08008f50   0x08008f50   0x0000006a   Code   RO         7208    i.prvUnlockQueue    queue.o
    0x08008fba   0x08008fba   0x00000002   PAD
    0x08008fbc   0x08008fbc   0x000000e4   Code   RO         6727    i.pvPortMalloc      heap_4.o
    0x080090a0   0x080090a0   0x00000018   Code   RO         7399    i.pvTaskIncrementMutexHeldCount  tasks.o
    0x080090b8   0x080090b8   0x00000030   Code   RO         6644    i.pxPortInitialiseStack  port.o
    0x080090e8   0x080090e8   0x00000072   Code   RO          749    i.recv_tcp          api_msg.o
    0x0800915a   0x0800915a   0x0000006e   Code   RO          750    i.recv_udp          api_msg.o
    0x080091c8   0x080091c8   0x00000056   Code   RO          751    i.sent_tcp          api_msg.o
    0x0800921e   0x0800921e   0x00000002   PAD
    0x08009220   0x08009220   0x00000044   Code   RO          752    i.setup_tcp         api_msg.o
    0x08009264   0x08009264   0x00000046   Code   RO         7723    i.sys_arch_mbox_fetch  sys_arch.o
    0x080092aa   0x080092aa   0x00000022   Code   RO         7724    i.sys_arch_mbox_tryfetch  sys_arch.o
    0x080092cc   0x080092cc   0x00000018   Code   RO         7725    i.sys_arch_protect  sys_arch.o
    0x080092e4   0x080092e4   0x00000038   Code   RO         7726    i.sys_arch_sem_wait  sys_arch.o
    0x0800931c   0x0800931c   0x0000000c   Code   RO         7727    i.sys_arch_unprotect  sys_arch.o
    0x08009328   0x08009328   0x00000058   Code   RO         5321    i.sys_check_timeouts  timeouts.o
    0x08009380   0x08009380   0x00000018   Code   RO         7728    i.sys_init          sys_arch.o
    0x08009398   0x08009398   0x00000014   Code   RO         7729    i.sys_mbox_free     sys_arch.o
    0x080093ac   0x080093ac   0x00000028   Code   RO         7730    i.sys_mbox_new      sys_arch.o
    0x080093d4   0x080093d4   0x00000006   Code   RO         7732    i.sys_mbox_set_invalid  sys_arch.o
    0x080093da   0x080093da   0x00000014   Code   RO         7733    i.sys_mbox_trypost  sys_arch.o
    0x080093ee   0x080093ee   0x0000000a   Code   RO         7734    i.sys_mbox_valid    sys_arch.o
    0x080093f8   0x080093f8   0x0000000a   Code   RO         7736    i.sys_mutex_lock    sys_arch.o
    0x08009402   0x08009402   0x0000001c   Code   RO         7737    i.sys_mutex_new     sys_arch.o
    0x0800941e   0x0800941e   0x00000006   Code   RO         7738    i.sys_mutex_unlock  sys_arch.o
    0x08009424   0x08009424   0x00000004   Code   RO         8780    i.sys_now           ethernetif.o
    0x08009428   0x08009428   0x00000006   Code   RO         7739    i.sys_sem_free      sys_arch.o
    0x0800942e   0x0800942e   0x0000002a   Code   RO         7740    i.sys_sem_new       sys_arch.o
    0x08009458   0x08009458   0x00000006   Code   RO         7741    i.sys_sem_set_invalid  sys_arch.o
    0x0800945e   0x0800945e   0x00000006   Code   RO         7742    i.sys_sem_signal    sys_arch.o
    0x08009464   0x08009464   0x0000000a   Code   RO         7743    i.sys_sem_valid     sys_arch.o
    0x0800946e   0x0800946e   0x00000030   Code   RO         7744    i.sys_thread_new    sys_arch.o
    0x0800949e   0x0800949e   0x00000002   PAD
    0x080094a0   0x080094a0   0x00000090   Code   RO         5323    i.sys_timeout       timeouts.o
    0x08009530   0x08009530   0x00000034   Code   RO         5324    i.sys_timeouts_init  timeouts.o
    0x08009564   0x08009564   0x00000048   Code   RO         5325    i.sys_timeouts_mbox_fetch  timeouts.o
    0x080095ac   0x080095ac   0x000000cc   Code   RO         6084    i.tcp_abandon       tcp.o
    0x08009678   0x08009678   0x00000006   Code   RO         6085    i.tcp_abort         tcp.o
    0x0800967e   0x0800967e   0x0000000e   Code   RO         6086    i.tcp_accept        tcp.o
    0x0800968c   0x0800968c   0x0000000e   Code   RO         6087    i.tcp_accept_null   tcp.o
    0x0800969a   0x0800969a   0x00000002   PAD
    0x0800969c   0x0800969c   0x00000110   Code   RO         6088    i.tcp_alloc         tcp.o
    0x080097ac   0x080097ac   0x00000008   Code   RO         6089    i.tcp_arg           tcp.o
    0x080097b4   0x080097b4   0x00000094   Code   RO         6090    i.tcp_bind          tcp.o
    0x08009848   0x08009848   0x00000014   Code   RO         6091    i.tcp_close         tcp.o
    0x0800985c   0x0800985c   0x00000164   Code   RO         6092    i.tcp_close_shutdown  tcp.o
    0x080099c0   0x080099c0   0x00000098   Code   RO         5992    i.tcp_create_segment  tcp_out.o
    0x08009a58   0x08009a58   0x00000022   Code   RO         6095    i.tcp_eff_send_mss_impl  tcp.o
    0x08009a7a   0x08009a7a   0x00000096   Code   RO         5993    i.tcp_enqueue_flags  tcp_out.o
    0x08009b10   0x08009b10   0x0000000a   Code   RO         6096    i.tcp_err           tcp.o
    0x08009b1a   0x08009b1a   0x00000002   PAD
    0x08009b1c   0x08009b1c   0x00000058   Code   RO         6097    i.tcp_fasttmr       tcp.o
    0x08009b74   0x08009b74   0x00000030   Code   RO         6428    i.tcp_getoptbyte    tcp_in.o
    0x08009ba4   0x08009ba4   0x00000002   Code   RO         6098    i.tcp_init          tcp.o
    0x08009ba6   0x08009ba6   0x00000002   PAD
    0x08009ba8   0x08009ba8   0x00000370   Code   RO         6429    i.tcp_input         tcp_in.o
    0x08009f18   0x08009f18   0x00000052   Code   RO         5994    i.tcp_keepalive     tcp_out.o
    0x08009f6a   0x08009f6a   0x00000002   PAD
    0x08009f6c   0x08009f6c   0x0000003c   Code   RO         6099    i.tcp_kill_state    tcp.o
    0x08009fa8   0x08009fa8   0x000000ec   Code   RO         6430    i.tcp_listen_input  tcp_in.o
    0x0800a094   0x0800a094   0x00000084   Code   RO         6100    i.tcp_listen_with_backlog  tcp.o
    0x0800a118   0x0800a118   0x0000004c   Code   RO         6101    i.tcp_netif_ip_addr_changed  tcp.o
    0x0800a164   0x0800a164   0x00000022   Code   RO         6102    i.tcp_netif_ip_addr_changed_pcblist  tcp.o
    0x0800a186   0x0800a186   0x00000006   Code   RO         6103    i.tcp_new           tcp.o
    0x0800a18c   0x0800a18c   0x0000005c   Code   RO         6105    i.tcp_new_port      tcp.o
    0x0800a1e8   0x0800a1e8   0x00000010   Code   RO         6106    i.tcp_next_iss      tcp.o
    0x0800a1f8   0x0800a1f8   0x000001c8   Code   RO         5995    i.tcp_output        tcp_out.o
    0x0800a3c0   0x0800a3c0   0x0000006c   Code   RO         5996    i.tcp_output_alloc_header  tcp_out.o
    0x0800a42c   0x0800a42c   0x000000b0   Code   RO         5997    i.tcp_output_segment  tcp_out.o
    0x0800a4dc   0x0800a4dc   0x00000074   Code   RO         6431    i.tcp_parseopt      tcp_in.o
    0x0800a550   0x0800a550   0x0000004e   Code   RO         5998    i.tcp_pbuf_prealloc  tcp_out.o
    0x0800a59e   0x0800a59e   0x0000003a   Code   RO         6107    i.tcp_pcb_purge     tcp.o
    0x0800a5d8   0x0800a5d8   0x00000050   Code   RO         6108    i.tcp_pcb_remove    tcp.o
    0x0800a628   0x0800a628   0x00000008   Code   RO         6109    i.tcp_poll          tcp.o
    0x0800a630   0x0800a630   0x00000374   Code   RO         6432    i.tcp_process       tcp_in.o
    0x0800a9a4   0x0800a9a4   0x0000006a   Code   RO         6110    i.tcp_process_refused_data  tcp.o
    0x0800aa0e   0x0800aa0e   0x00000002   PAD
    0x0800aa10   0x0800aa10   0x000003e8   Code   RO         6433    i.tcp_receive       tcp_in.o
    0x0800adf8   0x0800adf8   0x00000008   Code   RO         6111    i.tcp_recv          tcp.o
    0x0800ae00   0x0800ae00   0x00000024   Code   RO         6112    i.tcp_recv_null     tcp.o
    0x0800ae24   0x0800ae24   0x00000044   Code   RO         6113    i.tcp_recved        tcp.o
    0x0800ae68   0x0800ae68   0x00000052   Code   RO         5999    i.tcp_rexmit        tcp_out.o
    0x0800aeba   0x0800aeba   0x0000005c   Code   RO         6000    i.tcp_rexmit_fast   tcp_out.o
    0x0800af16   0x0800af16   0x0000002c   Code   RO         6001    i.tcp_rexmit_rto    tcp_out.o
    0x0800af42   0x0800af42   0x00000080   Code   RO         6002    i.tcp_rst           tcp_out.o
    0x0800afc2   0x0800afc2   0x0000001c   Code   RO         6114    i.tcp_seg_free      tcp.o
    0x0800afde   0x0800afde   0x00000012   Code   RO         6115    i.tcp_segs_free     tcp.o
    0x0800aff0   0x0800aff0   0x00000072   Code   RO         6003    i.tcp_send_empty_ack  tcp_out.o
    0x0800b062   0x0800b062   0x00000044   Code   RO         6004    i.tcp_send_fin      tcp_out.o
    0x0800b0a6   0x0800b0a6   0x00000008   Code   RO         6116    i.tcp_sent          tcp.o
    0x0800b0ae   0x0800b0ae   0x0000004e   Code   RO         6118    i.tcp_shutdown      tcp.o
    0x0800b0fc   0x0800b0fc   0x00000264   Code   RO         6119    i.tcp_slowtmr       tcp.o
    0x0800b360   0x0800b360   0x00000034   Code   RO         5327    i.tcp_timer_needed  timeouts.o
    0x0800b394   0x0800b394   0x00000068   Code   RO         6434    i.tcp_timewait_input  tcp_in.o
    0x0800b3fc   0x0800b3fc   0x00000020   Code   RO         6120    i.tcp_tmr           tcp.o
    0x0800b41c   0x0800b41c   0x00000010   Code   RO         6435    i.tcp_trigger_input_pcb_close  tcp_in.o
    0x0800b42c   0x0800b42c   0x00000036   Code   RO         6122    i.tcp_update_rcv_ann_wnd  tcp.o
    0x0800b462   0x0800b462   0x000002f6   Code   RO         6005    i.tcp_write         tcp_out.o
    0x0800b758   0x0800b758   0x000000ae   Code   RO         6006    i.tcp_zero_window_probe  tcp_out.o
    0x0800b806   0x0800b806   0x00000002   PAD
    0x0800b808   0x0800b808   0x00000044   Code   RO          607    i.tcpip_init        tcpip.o
    0x0800b84c   0x0800b84c   0x00000048   Code   RO          608    i.tcpip_inpkt       tcpip.o
    0x0800b894   0x0800b894   0x0000001c   Code   RO          609    i.tcpip_input       tcpip.o
    0x0800b8b0   0x0800b8b0   0x00000020   Code   RO          610    i.tcpip_send_msg_wait_sem  tcpip.o
    0x0800b8d0   0x0800b8d0   0x00000038   Code   RO         5328    i.tcpip_tcp_timer   timeouts.o
    0x0800b908   0x0800b908   0x0000006c   Code   RO          611    i.tcpip_thread      tcpip.o
    0x0800b974   0x0800b974   0x000000d0   Code   RO         8421    i.touchscreen_demo  main.o
    0x0800ba44   0x0800ba44   0x000000b8   Code   RO         5410    i.udp_bind          udp.o
    0x0800bafc   0x0800bafc   0x00000050   Code   RO         5411    i.udp_connect       udp.o
    0x0800bb4c   0x0800bb4c   0x00000002   Code   RO         5413    i.udp_init          udp.o
    0x0800bb4e   0x0800bb4e   0x00000002   PAD
    0x0800bb50   0x0800bb50   0x00000124   Code   RO         5414    i.udp_input         udp.o
    0x0800bc74   0x0800bc74   0x00000034   Code   RO         5415    i.udp_netif_ip_addr_changed  udp.o
    0x0800bca8   0x0800bca8   0x0000001a   Code   RO         5416    i.udp_new           udp.o
    0x0800bcc2   0x0800bcc2   0x00000006   Code   RO         5418    i.udp_recv          udp.o
    0x0800bcc8   0x0800bcc8   0x00000030   Code   RO         5419    i.udp_remove        udp.o
    0x0800bcf8   0x0800bcf8   0x00000036   Code   RO         5422    i.udp_sendto_if     udp.o
    0x0800bd2e   0x0800bd2e   0x000000a6   Code   RO         5423    i.udp_sendto_if_src  udp.o
    0x0800bdd4   0x0800bdd4   0x00000024   Code   RO         7687    i.uxListRemove      list.o
    0x0800bdf8   0x0800bdf8   0x00000028   Code   RO         7211    i.uxQueueMessagesWaiting  queue.o
    0x0800be20   0x0800be20   0x0000001a   Code   RO         7212    i.uxQueueMessagesWaitingFromISR  queue.o
    0x0800be3a   0x0800be3a   0x00000002   PAD
    0x0800be3c   0x0800be3c   0x00000098   Code   RO         7402    i.uxTaskGetSystemState  tasks.o
    0x0800bed4   0x0800bed4   0x00000016   Code   RO         7688    i.vListInitialise   list.o
    0x0800beea   0x0800beea   0x00000006   Code   RO         7689    i.vListInitialiseItem  list.o
    0x0800bef0   0x0800bef0   0x00000030   Code   RO         7690    i.vListInsert       list.o
    0x0800bf20   0x0800bf20   0x00000018   Code   RO         7691    i.vListInsertEnd    list.o
    0x0800bf38   0x0800bf38   0x00000048   Code   RO         6646    i.vPortEnterCritical  port.o
    0x0800bf80   0x0800bf80   0x0000002c   Code   RO         6647    i.vPortExitCritical  port.o
    0x0800bfac   0x0800bfac   0x00000064   Code   RO         6728    i.vPortFree         heap_4.o
    0x0800c010   0x0800c010   0x00000020   Code   RO         6648    i.vPortSetupTimerInterrupt  port.o
    0x0800c030   0x0800c030   0x0000005c   Code   RO         6649    i.vPortValidateInterruptPriority  port.o
    0x0800c08c   0x0800c08c   0x00000028   Code   RO         7215    i.vQueueDelete      queue.o
    0x0800c0b4   0x0800c0b4   0x00000028   Code   RO         7217    i.vQueueUnregisterQueue  queue.o
    0x0800c0dc   0x0800c0dc   0x00000050   Code   RO         7407    i.vTaskDelay        tasks.o
    0x0800c12c   0x0800c12c   0x000000b0   Code   RO         7408    i.vTaskDelete       tasks.o
    0x0800c1dc   0x0800c1dc   0x00000060   Code   RO         7410    i.vTaskGetInfo      tasks.o
    0x0800c23c   0x0800c23c   0x000000d4   Code   RO         7411    i.vTaskList         tasks.o
    0x0800c310   0x0800c310   0x0000000c   Code   RO         7412    i.vTaskMissedYield  tasks.o
    0x0800c31c   0x0800c31c   0x00000034   Code   RO         7414    i.vTaskPlaceOnEventList  tasks.o
    0x0800c350   0x0800c350   0x00000088   Code   RO         7416    i.vTaskPriorityInherit  tasks.o
    0x0800c3d8   0x0800c3d8   0x00000028   Code   RO         7419    i.vTaskSetTimeOutState  tasks.o
    0x0800c400   0x0800c400   0x00000070   Code   RO         7420    i.vTaskStartScheduler  tasks.o
    0x0800c470   0x0800c470   0x00000010   Code   RO         7421    i.vTaskSuspendAll   tasks.o
    0x0800c480   0x0800c480   0x00000060   Code   RO         7422    i.vTaskSwitchContext  tasks.o
    0x0800c4e0   0x0800c4e0   0x00000030   Code   RO         8422    i.x10_thread        main.o
    0x0800c510   0x0800c510   0x000000a8   Code   RO         6650    i.xPortStartScheduler  port.o
    0x0800c5b8   0x0800c5b8   0x00000030   Code   RO         6651    i.xPortSysTickHandler  port.o
    0x0800c5e8   0x0800c5e8   0x00000042   Code   RO         7218    i.xQueueCreateCountingSemaphore  queue.o
    0x0800c62a   0x0800c62a   0x00000024   Code   RO         7219    i.xQueueCreateMutex  queue.o
    0x0800c64e   0x0800c64e   0x00000056   Code   RO         7220    i.xQueueGenericCreate  queue.o
    0x0800c6a4   0x0800c6a4   0x0000017c   Code   RO         7221    i.xQueueGenericReceive  queue.o
    0x0800c820   0x0800c820   0x00000098   Code   RO         7222    i.xQueueGenericReset  queue.o
    0x0800c8b8   0x0800c8b8   0x00000170   Code   RO         7223    i.xQueueGenericSend  queue.o
    0x0800ca28   0x0800ca28   0x000000cc   Code   RO         7224    i.xQueueGenericSendFromISR  queue.o
    0x0800caf4   0x0800caf4   0x000000ac   Code   RO         7225    i.xQueueGiveFromISR  queue.o
    0x0800cba0   0x0800cba0   0x000000a8   Code   RO         7230    i.xQueueReceiveFromISR  queue.o
    0x0800cc48   0x0800cc48   0x00000070   Code   RO         7423    i.xTaskCheckForTimeOut  tasks.o
    0x0800ccb8   0x0800ccb8   0x00000056   Code   RO         7424    i.xTaskCreate       tasks.o
    0x0800cd0e   0x0800cd0e   0x00000002   PAD
    0x0800cd10   0x0800cd10   0x0000001c   Code   RO         7428    i.xTaskGetSchedulerState  tasks.o
    0x0800cd2c   0x0800cd2c   0x0000000c   Code   RO         7429    i.xTaskGetTickCount  tasks.o
    0x0800cd38   0x0800cd38   0x00000010   Code   RO         7430    i.xTaskGetTickCountFromISR  tasks.o
    0x0800cd48   0x0800cd48   0x000000cc   Code   RO         7431    i.xTaskIncrementTick  tasks.o
    0x0800ce14   0x0800ce14   0x000000a8   Code   RO         7434    i.xTaskPriorityDisinherit  tasks.o
    0x0800cebc   0x0800cebc   0x00000078   Code   RO         7435    i.xTaskRemoveFromEventList  tasks.o
    0x0800cf34   0x0800cf34   0x000000c8   Code   RO         7437    i.xTaskResumeAll    tasks.o
    0x0800cffc   0x0800cffc   0x00001ab8   Data   RO         1252    .constdata          stm32746g_discovery_lcd.o
    0x0800eab4   0x0800eab4   0x00000be0   Data   RO         1254    .constdata          stm32746g_discovery_lcd.o
    0x0800f694   0x0800f694   0x00000474   Data   RO         1255    .constdata          stm32746g_discovery_lcd.o
    0x0800fb08   0x0800fb08   0x00000008   Data   RO         4143    .constdata          stm32f7xx_hal_dma.o
    0x0800fb10   0x0800fb10   0x00000028   Data   RO         5329    .constdata          timeouts.o
    0x0800fb38   0x0800fb38   0x0000000c   Data   RO         5608    .constdata          memp.o
    0x0800fb44   0x0800fb44   0x0000000c   Data   RO         5609    .constdata          memp.o
    0x0800fb50   0x0800fb50   0x0000000c   Data   RO         5610    .constdata          memp.o
    0x0800fb5c   0x0800fb5c   0x0000000c   Data   RO         5611    .constdata          memp.o
    0x0800fb68   0x0800fb68   0x0000000c   Data   RO         5612    .constdata          memp.o
    0x0800fb74   0x0800fb74   0x0000000c   Data   RO         5613    .constdata          memp.o
    0x0800fb80   0x0800fb80   0x0000000c   Data   RO         5614    .constdata          memp.o
    0x0800fb8c   0x0800fb8c   0x0000000c   Data   RO         5615    .constdata          memp.o
    0x0800fb98   0x0800fb98   0x0000000c   Data   RO         5616    .constdata          memp.o
    0x0800fba4   0x0800fba4   0x0000000c   Data   RO         5617    .constdata          memp.o
    0x0800fbb0   0x0800fbb0   0x0000000c   Data   RO         5618    .constdata          memp.o
    0x0800fbbc   0x0800fbbc   0x0000000c   Data   RO         5619    .constdata          memp.o
    0x0800fbc8   0x0800fbc8   0x0000000c   Data   RO         5620    .constdata          memp.o
    0x0800fbd4   0x0800fbd4   0x00000034   Data   RO         5621    .constdata          memp.o
    0x0800fc08   0x0800fc08   0x00000054   Data   RO         6123    .constdata          tcp.o
    0x0800fc5c   0x0800fc5c   0x00000a82   Data   RO         6597    .constdata          fs.o
    0x080106de   0x080106de   0x00001377   Data   RO         6598    .constdata          fs.o
    0x08011a55   0x08011a55   0x00004475   Data   RO         6599    .constdata          fs.o
    0x08015eca   0x08015eca   0x000004d6   Data   RO         6600    .constdata          fs.o
    0x080163a0   0x080163a0   0x00002523   Data   RO         6601    .constdata          fs.o
    0x080188c3   0x080188c3   0x00000001   PAD
    0x080188c4   0x080188c4   0x00000014   Data   RO         6602    .constdata          fs.o
    0x080188d8   0x080188d8   0x00000014   Data   RO         6603    .constdata          fs.o
    0x080188ec   0x080188ec   0x00000014   Data   RO         6604    .constdata          fs.o
    0x08018900   0x08018900   0x00000014   Data   RO         6605    .constdata          fs.o
    0x08018914   0x08018914   0x00000014   Data   RO         6606    .constdata          fs.o
    0x08018928   0x08018928   0x0000000c   Data   RO         7745    .constdata          sys_arch.o
    0x08018934   0x08018934   0x00000006   Data   RO         7874    .constdata          ethernet.o
    0x0801893a   0x0801893a   0x00000006   Data   RO         7875    .constdata          ethernet.o
    0x08018940   0x08018940   0x00000010   Data   RO         7912    .constdata          system_stm32f7xx.o
    0x08018950   0x08018950   0x00000008   Data   RO         7913    .constdata          system_stm32f7xx.o
    0x08018958   0x08018958   0x00000004   Data   RO         8115    .constdata          ip4_addr.o
    0x0801895c   0x0801895c   0x00000004   Data   RO         8116    .constdata          ip4_addr.o
    0x08018960   0x08018960   0x00000058   Data   RO         8424    .constdata          main.o
    0x080189b8   0x080189b8   0x0000063c   Data   RO         8729    .constdata          httpserver-netconn.o
    0x08018ff4   0x08018ff4   0x00000014   Data   RO         8786    .constdata          ethernetif.o
    0x08019008   0x08019008   0x00000044   Data   RO         9082    .constdata          x10_library.o
    0x0801904c   0x0801904c   0x00000075   Data   RO         6124    .conststring        tcp.o
    0x080190c1   0x080190c1   0x00000003   PAD
    0x080190c4   0x080190c4   0x0000001e   Data   RO         8425    .conststring        main.o
    0x080190e2   0x080190e2   0x00000002   PAD
    0x080190e4   0x080190e4   0x00000006   Data   RO         8787    .conststring        ethernetif.o
    0x080190ea   0x080190ea   0x00000002   PAD
    0x080190ec   0x080190ec   0x00000020   Data   RO         9460    Region$$Table       anon$$obj.o


    Execution Region RW_IRAM1 (Exec base: 0x20000000, Load base: 0x0801910c, Size: 0x0004efa0, Max: 0x00050000, ABSOLUTE, COMPRESSED[0x00000058])

    Exec Addr    Load Addr    Size         Type   Attr      Idx    E Section Name        Object

    0x20000000   COMPRESSED   0x00000014   Data   RW           14    .data               lcd_log.o
    0x20000014   COMPRESSED   0x00000010   Data   RW          613    .data               tcpip.o
    0x20000024   COMPRESSED   0x00000001   Data   RW          753    .data               api_msg.o
    0x20000025   COMPRESSED   0x00000002   Data   RW         1124    .data               stm32746g_discovery_sdram.o
    0x20000027   COMPRESSED   0x00000001   PAD
    0x20000028   COMPRESSED   0x0000000c   Data   RW         1257    .data               stm32746g_discovery_lcd.o
    0x20000034   COMPRESSED   0x00000008   Data   RW         1259    .data               stm32746g_discovery_lcd.o
    0x2000003c   COMPRESSED   0x00000008   Data   RW         1260    .data               stm32746g_discovery_lcd.o
    0x20000044   COMPRESSED   0x0000000c   Data   RW         1584    .data               stm32746g_discovery_ts.o
    0x20000050   COMPRESSED   0x00000028   Data   RW         1668    .data               ft5336.o
    0x20000078   COMPRESSED   0x00000005   Data   RW         1669    .data               ft5336.o
    0x2000007d   COMPRESSED   0x00000003   PAD
    0x20000080   COMPRESSED   0x00000004   Data   RW         3362    .data               stm32f7xx_hal.o
    0x20000084   COMPRESSED   0x0000000c   Data   RW         5330    .data               timeouts.o
    0x20000090   COMPRESSED   0x00000008   Data   RW         5424    .data               udp.o
    0x20000098   COMPRESSED   0x00000004   Data   RW         5622    .data               memp.o
    0x2000009c   COMPRESSED   0x00000004   Data   RW         5623    .data               memp.o
    0x200000a0   COMPRESSED   0x00000004   Data   RW         5624    .data               memp.o
    0x200000a4   COMPRESSED   0x00000004   Data   RW         5625    .data               memp.o
    0x200000a8   COMPRESSED   0x00000004   Data   RW         5626    .data               memp.o
    0x200000ac   COMPRESSED   0x00000004   Data   RW         5627    .data               memp.o
    0x200000b0   COMPRESSED   0x00000004   Data   RW         5628    .data               memp.o
    0x200000b4   COMPRESSED   0x00000004   Data   RW         5629    .data               memp.o
    0x200000b8   COMPRESSED   0x00000004   Data   RW         5630    .data               memp.o
    0x200000bc   COMPRESSED   0x00000004   Data   RW         5631    .data               memp.o
    0x200000c0   COMPRESSED   0x00000004   Data   RW         5632    .data               memp.o
    0x200000c4   COMPRESSED   0x00000004   Data   RW         5633    .data               memp.o
    0x200000c8   COMPRESSED   0x00000004   Data   RW         5634    .data               memp.o
    0x200000cc   COMPRESSED   0x0000000c   Data   RW         5900    .data               netif.o
    0x200000d8   COMPRESSED   0x00000020   Data   RW         6125    .data               tcp.o
    0x200000f8   COMPRESSED   0x00000010   Data   RW         6332    .data               mem.o
    0x20000108   COMPRESSED   0x00000024   Data   RW         6437    .data               tcp_in.o
    0x2000012c   COMPRESSED   0x0000000c   Data   RW         6652    .data               port.o
    0x20000138   COMPRESSED   0x00000018   Data   RW         6733    .data               heap_4.o
    0x20000150   COMPRESSED   0x0000003c   Data   RW         7439    .data               tasks.o
    0x2000018c   COMPRESSED   0x00000004   Data   RW         7747    .data               sys_arch.o
    0x20000190   COMPRESSED   0x00000004   Data   RW         7914    .data               system_stm32f7xx.o
    0x20000194   COMPRESSED   0x00000001   Data   RW         7960    .data               etharp.o
    0x20000195   COMPRESSED   0x00000001   PAD
    0x20000196   COMPRESSED   0x00000002   Data   RW         8072    .data               ip4.o
    0x20000198   COMPRESSED   0x00000008   Data   RW         8171    .data               ip4_frag.o
    0x200001a0   COMPRESSED   0x00000010   Data   RW         8258    .data               dhcp.o
    0x200001b0   COMPRESSED   0x00000010   Data   RW         8426    .data               main.o
    0x200001c0   COMPRESSED   0x00000004   Data   RW         8730    .data               httpserver-netconn.o
    0x200001c4   COMPRESSED   0x00000004   Data   RW         8788    .data               ethernetif.o
    0x200001c8   COMPRESSED   0x00000001   Data   RW         8921    .data               app_ethernet.o
    0x200001c9   COMPRESSED   0x00000003   PAD
    0x200001cc   COMPRESSED   0x00000004   Data   RW         9083    .data               x10_library.o
    0x200001d0   COMPRESSED   0x00000004   Data   RW         9137    .data               mc_w.l(rand.o)
    0x200001d4   COMPRESSED   0x00000004   Data   RW         9434    .data               mc_w.l(stdout.o)
    0x200001d8        -       0x00003c54   Zero   RW           13    .bss                lcd_log.o
    0x20003e2c        -       0x00000098   Zero   RW          930    .bss                stm32746g_discovery.o
    0x20003ec4        -       0x00000120   Zero   RW         1123    .bss                stm32746g_discovery_sdram.o
    0x20003fe4        -       0x00000184   Zero   RW         1251    .bss                stm32746g_discovery_lcd.o
    0x20004168        -       0x00000028   Zero   RW         1583    .bss                stm32746g_discovery_ts.o
    0x20004190        -       0x00000018   Zero   RW         5514    .bss                ip.o
    0x200041a8        -       0x000000c3   Zero   RW         5595    .bss                memp.o
    0x2000426b        -       0x000005cb   Zero   RW         5596    .bss                memp.o
    0x20004836        -       0x0000008f   Zero   RW         5597    .bss                memp.o
    0x200048c5        -       0x00000083   Zero   RW         5598    .bss                memp.o
    0x20004948        -       0x000000a3   Zero   RW         5599    .bss                memp.o
    0x200049eb        -       0x0000016b   Zero   RW         5600    .bss                memp.o
    0x20004b56        -       0x00000023   Zero   RW         5601    .bss                memp.o
    0x20004b79        -       0x000000a3   Zero   RW         5602    .bss                memp.o
    0x20004c1c        -       0x00000083   Zero   RW         5603    .bss                memp.o
    0x20004c9f        -       0x00000083   Zero   RW         5604    .bss                memp.o
    0x20004d22        -       0x000000a3   Zero   RW         5605    .bss                memp.o
    0x20004dc5        -       0x000000a3   Zero   RW         5606    .bss                memp.o
    0x20004e68        -       0x00003023   Zero   RW         5607    .bss                memp.o
    0x20007e8b        -       0x00002813   Zero   RW         6331    .bss                mem.o
    0x2000a69e   COMPRESSED   0x00000002   PAD
    0x2000a6a0        -       0x00000010   Zero   RW         6436    .bss                tcp_in.o
    0x2000a6b0        -       0x00005000   Zero   RW         6732    .bss                heap_4.o
    0x2000f6b0        -       0x00000040   Zero   RW         7232    .bss                queue.o
    0x2000f6f0        -       0x000000dc   Zero   RW         7438    .bss                tasks.o
    0x2000f7cc        -       0x000000f0   Zero   RW         7959    .bss                etharp.o
    0x2000f8bc        -       0x00000010   Zero   RW         8114    .bss                ip4_addr.o
    0x2000f8cc        -       0x00000032   Zero   RW         8257    .bss                dhcp.o
    0x2000f8fe   COMPRESSED   0x00000002   PAD
    0x2000f900        -       0x000000a8   Zero   RW         8423    .bss                main.o
    0x2000f9a8        -       0x00000048   Zero   RW         8785    .bss                ethernetif.o
    0x2000f9f0        -       0x00000040   Zero   RW         8878    .bss                stm32f7xx_hal_timebase_tim.o
    0x2000fa30        -       0x00000040   Zero   RW         9081    .bss                x10_library.o
    0x2000fa70        -       0x00000460   Zero   RW         7900    STACK               startup_stm32f746xx.o
    0x2000fed0   COMPRESSED   0x00000130   PAD
    0x20010000        -       0x00000080   Zero   RW         8781    .ARM.__AT_0x20010000  ethernetif.o
    0x20010080        -       0x00000080   Zero   RW         8782    .ARM.__AT_0x20010080  ethernetif.o
    0x20010100   COMPRESSED   0x0003bf00   PAD
    0x2004c000        -       0x000017d0   Zero   RW         8783    .ARM.__AT_0x2004C000  ethernetif.o
    0x2004d7d0        -       0x000017d0   Zero   RW         8784    .ARM.__AT_0x2004D7D0  ethernetif.o


==============================================================================

Image component sizes


      Code (inc. data)   RO Data    RW Data    ZI Data      Debug   Object Name

       834         46          0          0          0      45245   api_lib.o
      2944         66          0          1          0      30635   api_msg.o
       436        206          0          1          0       2279   app_ethernet.o
       918         34          0          0          0      42036   cmsis_os.o
         8          0          0          0          0       1290   def.o
      3694        126          0         16         50      29542   dhcp.o
         0          0          0          0          0      28592   err.o
      1454         56          0          1        240      13579   etharp.o
       234          6         12          0          0       3062   ethernet.o
       980         96         26          4      12520       8202   ethernetif.o
        70          4      36043          0          0       5259   fs.o
       716         38          0         45          0      17523   ft5336.o
       484         24          0         24      20480       8155   heap_4.o
       856        420       1596          4          0      11216   httpserver-netconn.o
       380          4          0          0          0       4226   icmp.o
       164          0          0          0          0       2979   inet_chksum.o
        34          0          0          0          0        660   init.o
         0          0          0          0         24       3178   ip.o
       734         30          0          2          0       8180   ip4.o
       182          4          8          0         16       9466   ip4_addr.o
      1346         36          0          8          0      10998   ip4_frag.o
       686         48          0         20      15444     894049   lcd_log.o
       136          0          0          0          0       4126   list.o
      1016        228        118         16        168     842749   main.o
       672         34          0         16      10259       6153   mem.o
       184         16        208         52      15587      11808   memp.o
        72          0          0          0          0      12934   netbuf.o
       334         16          0         12          0      11041   netif.o
      1008         12          0          0          0      13201   pbuf.o
       738         82          0         12          0      13033   port.o
      2058         18          0          0         64      31029   queue.o
        36          8        456          0       1120        868   startup_stm32f746xx.o
       562         60          0          0        152       8748   stm32746g_discovery.o
      1708        188      11020         28        388      23194   stm32746g_discovery_lcd.o
       620         56          0          2        288       5044   stm32746g_discovery_sdram.o
       520         22          0         12         40       6386   stm32746g_discovery_ts.o
        88         16          0          4          0       4326   stm32f7xx_hal.o
       316         28          0          0          0      40808   stm32f7xx_hal_cortex.o
       438         12          8          0          0       4180   stm32f7xx_hal_dma.o
       722          6          0          0          0       6351   stm32f7xx_hal_dma2d.o
      2006         64          0          0          0      13992   stm32f7xx_hal_eth.o
       490         54          0          0          0       3581   stm32f7xx_hal_gpio.o
      1630         24          0          0          0      16064   stm32f7xx_hal_i2c.o
       810          4          0          0          0       4798   stm32f7xx_hal_ltdc.o
        44          4          0          0          0        979   stm32f7xx_hal_msp.o
       108          8          0          0          0       1472   stm32f7xx_hal_pwr_ex.o
      1304         70          0          0          0       6366   stm32f7xx_hal_rcc.o
      1276         16          0          0          0       2528   stm32f7xx_hal_rcc_ex.o
       150          0          0          0          0       3752   stm32f7xx_hal_sdram.o
       672         46          0          0          0       7553   stm32f7xx_hal_tim.o
         4          0          0          0          0       1966   stm32f7xx_hal_tim_ex.o
       140         24          0          0         64       2193   stm32f7xx_hal_timebase_tim.o
        40         12          0          0          0       4686   stm32f7xx_it.o
       318          6          0          0          0       4028   stm32f7xx_ll_fmc.o
       478         26         12          4          0      20560   sys_arch.o
        84         16         24          4          0       1435   system_stm32f7xx.o
      2940        234          0         60        220      33148   tasks.o
      2786        108        201         32          0      39340   tcp.o
      3284        120          0         36         16      19363   tcp_in.o
      2662         10          0          0          0      18651   tcp_out.o
       308         40          0         16          0       9565   tcpip.o
       492         72         40         12          0      19602   timeouts.o
       910         34          0          8          0      11856   udp.o
       376         54         68          4         64       4832   x10_library.o

    ----------------------------------------------------------------------
     51798       3092      49880        464     323016    2478640   Object Totals
         0          0         32          0          0          0   (incl. Generated)
       104          0          8          8     245812          0   (incl. Padding)

    ----------------------------------------------------------------------

      Code (inc. data)   RO Data    RW Data    ZI Data      Debug   Library Member Name

        86          0          0          0          0          0   __dczerorl2.o
         0          0          0          0          0          0   entry.o
         0          0          0          0          0          0   entry10a.o
         0          0          0          0          0          0   entry11a.o
         8          4          0          0          0          0   entry2.o
         4          0          0          0          0          0   entry5.o
         0          0          0          0          0          0   entry7b.o
         0          0          0          0          0          0   entry8b.o
         8          4          0          0          0          0   entry9a.o
        30          0          0          0          0          0   handlers.o
        36          8          0          0          0         68   init.o
        26          0          0          0          0         80   memcmp.o
        36          0          0          0          0         68   memcpya.o
        36          0          0          0          0        108   memseta.o
       522         20          0          0          0        336   printf3.o
        36         10          0          4          0        136   rand.o
         0          0          0          4          0          0   stdout.o
        24          0          0          0          0         68   strcat.o
        28          0          0          0          0         76   strcmp.o
        18          0          0          0          0         68   strcpy.o
        14          0          0          0          0         68   strlen.o
        30          0          0          0          0         80   strncmp.o
        44          0          0          0          0         80   uidiv.o

    ----------------------------------------------------------------------
       990         46          0          8          0       1236   Library Totals
         4          0          0          0          0          0   (incl. Padding)

    ----------------------------------------------------------------------

      Code (inc. data)   RO Data    RW Data    ZI Data      Debug   Library Name

       986         46          0          8          0       1236   mc_w.l

    ----------------------------------------------------------------------
       990         46          0          8          0       1236   Library Totals

    ----------------------------------------------------------------------

==============================================================================


      Code (inc. data)   RO Data    RW Data    ZI Data      Debug   

     52788       3138      49880        472     323016    2430288   Grand Totals
     52788       3138      49880         88     323016    2430288   ELF Image Totals (compressed)
     52788       3138      49880         88          0          0   ROM Totals

==============================================================================

    Total RO  Size (Code + RO Data)               102668 ( 100.26kB)
    Total RW  Size (RW Data + ZI Data)            323488 ( 315.91kB)
    Total ROM Size (Code + RO Data + RW Data)     102756 ( 100.35kB)

==============================================================================

